Archive member included to satisfy reference by file (symbol)

D:/G4CODE/2023_D/mcu/Drivers/CMSIS/DSP/Lib/libarm_cortexM4lf_math.a(arm_rfft_fast_init_f32.o)
                              CMakeFiles/target.elf.dir/app/Src/FFT.c.obj (arm_rfft_fast_init_f32)
D:/G4CODE/2023_D/mcu/Drivers/CMSIS/DSP/Lib/libarm_cortexM4lf_math.a(arm_rfft_fast_f32.o)
                              CMakeFiles/target.elf.dir/app/Src/FFT.c.obj (arm_rfft_fast_f32)
D:/G4CODE/2023_D/mcu/Drivers/CMSIS/DSP/Lib/libarm_cortexM4lf_math.a(arm_cfft_f32.o)
                              D:/G4CODE/2023_D/mcu/Drivers/CMSIS/DSP/Lib/libarm_cortexM4lf_math.a(arm_rfft_fast_f32.o) (arm_cfft_f32)
D:/G4CODE/2023_D/mcu/Drivers/CMSIS/DSP/Lib/libarm_cortexM4lf_math.a(arm_bitreversal2.o)
                              D:/G4CODE/2023_D/mcu/Drivers/CMSIS/DSP/Lib/libarm_cortexM4lf_math.a(arm_cfft_f32.o) (arm_bitreversal_32)
D:/G4CODE/2023_D/mcu/Drivers/CMSIS/DSP/Lib/libarm_cortexM4lf_math.a(arm_cmplx_mag_f32.o)
                              CMakeFiles/target.elf.dir/app/Src/FFT.c.obj (arm_cmplx_mag_f32)
D:/G4CODE/2023_D/mcu/Drivers/CMSIS/DSP/Lib/libarm_cortexM4lf_math.a(arm_common_tables.o)
                              D:/G4CODE/2023_D/mcu/Drivers/CMSIS/DSP/Lib/libarm_cortexM4lf_math.a(arm_rfft_fast_init_f32.o) (twiddleCoef_rfft_4096)
D:/G4CODE/2023_D/mcu/Drivers/CMSIS/DSP/Lib/libarm_cortexM4lf_math.a(arm_cfft_radix8_f32.o)
                              D:/G4CODE/2023_D/mcu/Drivers/CMSIS/DSP/Lib/libarm_cortexM4lf_math.a(arm_cfft_f32.o) (arm_radix8_butterfly_f32)
D:/Env/arm-none-eabi/bin/../lib/gcc/arm-none-eabi/13.3.1/thumb/v7e-m+fp/hard\libc_nano.a(libc_a-exit.o)
                              D:/Env/arm-none-eabi/bin/../lib/gcc/arm-none-eabi/13.3.1/thumb/v7e-m+fp/hard/crt0.o (exit)
D:/Env/arm-none-eabi/bin/../lib/gcc/arm-none-eabi/13.3.1/thumb/v7e-m+fp/hard\libc_nano.a(libc_a-findfp.o)
                              D:/Env/arm-none-eabi/bin/../lib/gcc/arm-none-eabi/13.3.1/thumb/v7e-m+fp/hard\libc_nano.a(libc_a-exit.o) (__stdio_exit_handler)
D:/Env/arm-none-eabi/bin/../lib/gcc/arm-none-eabi/13.3.1/thumb/v7e-m+fp/hard\libc_nano.a(libc_a-fwalk.o)
                              D:/Env/arm-none-eabi/bin/../lib/gcc/arm-none-eabi/13.3.1/thumb/v7e-m+fp/hard\libc_nano.a(libc_a-findfp.o) (_fwalk_sglue)
D:/Env/arm-none-eabi/bin/../lib/gcc/arm-none-eabi/13.3.1/thumb/v7e-m+fp/hard\libc_nano.a(libc_a-stdio.o)
                              D:/Env/arm-none-eabi/bin/../lib/gcc/arm-none-eabi/13.3.1/thumb/v7e-m+fp/hard\libc_nano.a(libc_a-findfp.o) (__sread)
D:/Env/arm-none-eabi/bin/../lib/gcc/arm-none-eabi/13.3.1/thumb/v7e-m+fp/hard\libc_nano.a(libc_a-memcmp.o)
                              CMakeFiles/target.elf.dir/app/Src/oled.c.obj (memcmp)
D:/Env/arm-none-eabi/bin/../lib/gcc/arm-none-eabi/13.3.1/thumb/v7e-m+fp/hard\libc_nano.a(libc_a-memset.o)
                              D:/Env/arm-none-eabi/bin/../lib/gcc/arm-none-eabi/13.3.1/thumb/v7e-m+fp/hard/crt0.o (memset)
D:/Env/arm-none-eabi/bin/../lib/gcc/arm-none-eabi/13.3.1/thumb/v7e-m+fp/hard\libc_nano.a(libc_a-closer.o)
                              D:/Env/arm-none-eabi/bin/../lib/gcc/arm-none-eabi/13.3.1/thumb/v7e-m+fp/hard\libc_nano.a(libc_a-stdio.o) (_close_r)
D:/Env/arm-none-eabi/bin/../lib/gcc/arm-none-eabi/13.3.1/thumb/v7e-m+fp/hard\libc_nano.a(libc_a-reent.o)
                              D:/Env/arm-none-eabi/bin/../lib/gcc/arm-none-eabi/13.3.1/thumb/v7e-m+fp/hard\libc_nano.a(libc_a-closer.o) (errno)
D:/Env/arm-none-eabi/bin/../lib/gcc/arm-none-eabi/13.3.1/thumb/v7e-m+fp/hard\libc_nano.a(libc_a-impure.o)
                              D:/Env/arm-none-eabi/bin/../lib/gcc/arm-none-eabi/13.3.1/thumb/v7e-m+fp/hard\libc_nano.a(libc_a-reent.o) (_impure_ptr)
D:/Env/arm-none-eabi/bin/../lib/gcc/arm-none-eabi/13.3.1/thumb/v7e-m+fp/hard\libc_nano.a(libc_a-lseekr.o)
                              D:/Env/arm-none-eabi/bin/../lib/gcc/arm-none-eabi/13.3.1/thumb/v7e-m+fp/hard\libc_nano.a(libc_a-stdio.o) (_lseek_r)
D:/Env/arm-none-eabi/bin/../lib/gcc/arm-none-eabi/13.3.1/thumb/v7e-m+fp/hard\libc_nano.a(libc_a-readr.o)
                              D:/Env/arm-none-eabi/bin/../lib/gcc/arm-none-eabi/13.3.1/thumb/v7e-m+fp/hard\libc_nano.a(libc_a-stdio.o) (_read_r)
D:/Env/arm-none-eabi/bin/../lib/gcc/arm-none-eabi/13.3.1/thumb/v7e-m+fp/hard\libc_nano.a(libc_a-writer.o)
                              D:/Env/arm-none-eabi/bin/../lib/gcc/arm-none-eabi/13.3.1/thumb/v7e-m+fp/hard\libc_nano.a(libc_a-stdio.o) (_write_r)
D:/Env/arm-none-eabi/bin/../lib/gcc/arm-none-eabi/13.3.1/thumb/v7e-m+fp/hard\libc_nano.a(libc_a-errno.o)
                              CMakeFiles/target.elf.dir/mcu/Core/Src/sysmem.c.obj (__errno)
D:/Env/arm-none-eabi/bin/../lib/gcc/arm-none-eabi/13.3.1/thumb/v7e-m+fp/hard\libc_nano.a(libc_a-init.o)
                              D:/Env/arm-none-eabi/bin/../lib/gcc/arm-none-eabi/13.3.1/thumb/v7e-m+fp/hard/crt0.o (__libc_init_array)
D:/Env/arm-none-eabi/bin/../lib/gcc/arm-none-eabi/13.3.1/thumb/v7e-m+fp/hard\libc_nano.a(libc_a-lock.o)
[...]
Memory Configuration

Name             Origin             Length             Attributes
RAM              0x20000000         0x00008000         xrw
FLASH            0x08000000         0x00020000         xr
*default*        0x00000000         0xffffffff

Linker script and memory map

LOAD D:/Env/arm-none-eabi/bin/../lib/gcc/arm-none-eabi/13.3.1/thumb/v7e-m+fp/hard/crti.o
LOAD D:/Env/arm-none-eabi/bin/../lib/gcc/arm-none-eabi/13.3.1/thumb/v7e-m+fp/hard/crtbegin.o
LOAD D:/Env/arm-none-eabi/bin/../lib/gcc/arm-none-eabi/13.3.1/thumb/v7e-m+fp/hard/crt0.o
LOAD CMakeFiles/target.elf.dir/app/Src/FFT.c.obj
LOAD CMakeFiles/target.elf.dir/app/Src/font.c.obj
LOAD CMakeFiles/target.elf.dir/app/Src/oled.c.obj
LOAD CMakeFiles/target.elf.dir/mcu/Core/Src/main.c.obj
LOAD CMakeFiles/target.elf.dir/mcu/Core/Src/gpio.c.obj
LOAD CMakeFiles/target.elf.dir/mcu/Core/Src/stm32g4xx_it.c.obj
LOAD CMakeFiles/target.elf.dir/mcu/Core/Src/stm32g4xx_hal_msp.c.obj
LOAD CMakeFiles/target.elf.dir/mcu/Drivers/STM32G4xx_HAL_Driver/Src/stm32g4xx_hal.c.obj
LOAD CMakeFiles/target.elf.dir/mcu/Drivers/STM32G4xx_HAL_Driver/Src/stm32g4xx_hal_rcc.c.obj
LOAD CMakeFiles/target.elf.dir/mcu/Drivers/STM32G4xx_HAL_Driver/Src/stm32g4xx_hal_rcc_ex.c.obj
LOAD CMakeFiles/target.elf.dir/mcu/Drivers/STM32G4xx_HAL_Driver/Src/stm32g4xx_hal_flash.c.obj
LOAD CMakeFiles/target.elf.dir/mcu/Drivers/STM32G4xx_HAL_Driver/Src/stm32g4xx_hal_flash_ex.c.obj
LOAD CMakeFiles/target.elf.dir/mcu/Drivers/STM32G4xx_HAL_Driver/Src/stm32g4xx_hal_flash_ramfunc.c.obj
LOAD CMakeFiles/target.elf.dir/mcu/Drivers/STM32G4xx_HAL_Driver/Src/stm32g4xx_hal_gpio.c.obj
LOAD CMakeFiles/target.elf.dir/mcu/Drivers/STM32G4xx_HAL_Driver/Src/stm32g4xx_hal_exti.c.obj
LOAD CMakeFiles/target.elf.dir/mcu/Drivers/STM32G4xx_HAL_Driver/Src/stm32g4xx_hal_dma.c.obj
LOAD CMakeFiles/target.elf.dir/mcu/Drivers/STM32G4xx_HAL_Driver/Src/stm32g4xx_hal_dma_ex.c.obj
LOAD CMakeFiles/target.elf.dir/mcu/Drivers/STM32G4xx_HAL_Driver/Src/stm32g4xx_hal_pwr.c.obj
LOAD CMakeFiles/target.elf.dir/mcu/Drivers/STM32G4xx_HAL_Driver/Src/stm32g4xx_hal_pwr_ex.c.obj
LOAD CMakeFiles/target.elf.dir/mcu/Drivers/STM32G4xx_HAL_Driver/Src/stm32g4xx_hal_cortex.c.obj
LOAD CMakeFiles/target.elf.dir/mcu/Drivers/STM32G4xx_HAL_Driver/Src/stm32g4xx_hal_tim.c.obj
LOAD CMakeFiles/target.elf.dir/mcu/Drivers/STM32G4xx_HAL_Driver/Src/stm32g4xx_hal_tim_ex.c.obj
LOAD CMakeFiles/target.elf.dir/mcu/Core/Src/system_stm32g4xx.c.obj
LOAD CMakeFiles/target.elf.dir/mcu/Core/Src/sysmem.c.obj
LOAD CMakeFiles/target.elf.dir/mcu/Core/Src/syscalls.c.obj
LOAD CMakeFiles/target.elf.dir/mcu/Core/Src/i2c.c.obj
LOAD CMakeFiles/target.elf.dir/mcu/Core/Src/usart.c.obj
LOAD CMakeFiles/target.elf.dir/mcu/Drivers/STM32G4xx_HAL_Driver/Src/stm32g4xx_hal_i2c.c.obj
LOAD CMakeFiles/target.elf.dir/mcu/Drivers/STM32G4xx_HAL_Driver/Src/stm32g4xx_hal_i2c_ex.c.obj
LOAD CMakeFiles/target.elf.dir/mcu/Drivers/STM32G4xx_HAL_Driver/Src/stm32g4xx_hal_uart.c.obj
LOAD CMakeFiles/target.elf.dir/mcu/Drivers/STM32G4xx_HAL_Driver/Src/stm32g4xx_hal_uart_ex.c.obj
LOAD CMakeFiles/target.elf.dir/mcu/Core/Src/adc.c.obj
LOAD CMakeFiles/target.elf.dir/mcu/Core/Src/tim.c.obj
LOAD CMakeFiles/target.elf.dir/mcu/Drivers/STM32G4xx_HAL_Driver/Src/stm32g4xx_hal_adc.c.obj
LOAD CMakeFiles/target.elf.dir/mcu/Drivers/STM32G4xx_HAL_Driver/Src/stm32g4xx_hal_adc_ex.c.obj
LOAD CMakeFiles/target.elf.dir/mcu/Drivers/STM32G4xx_HAL_Driver/Src/stm32g4xx_ll_adc.c.obj
LOAD CMakeFiles/target.elf.dir/mcu/Core/Src/dma.c.obj
LOAD CMakeFiles/target.elf.dir/mcu/startup_stm32g431xx.s.obj
LOAD D:/G4CODE/2023_D/mcu/Drivers/CMSIS/DSP/Lib/libarm_cortexM4lf_math.a
LOAD D:/Env/arm-none-eabi/bin/../lib/gcc/arm-none-eabi/13.3.1/thumb/v7e-m+fp/hard\libc_nano.a
LOAD D:/Env/arm-none-eabi/bin/../lib/gcc/arm-none-eabi/13.3.1/thumb/v7e-m+fp/hard\libm.a
LOAD D:/Env/arm-none-eabi/bin/../lib/gcc/arm-none-eabi/13.3.1/thumb/v7e-m+fp/hard\libnosys.a
START GROUP
LOAD D:/Env/arm-none-eabi/bin/../lib/gcc/arm-none-eabi/13.3.1/thumb/v7e-m+fp/hard\libgcc.a
LOAD D:/Env/arm-none-eabi/bin/../lib/gcc/arm-none-eabi/13.3.1/thumb/v7e-m+fp/hard\libg_nano.a
LOAD D:/Env/arm-none-eabi/bin/../lib/gcc/arm-none-eabi/13.3.1/thumb/v7e-m+fp/hard\libc_nano.a
END GROUP
START GROUP
LOAD D:/Env/arm-none-eabi/bin/../lib/gcc/arm-none-eabi/13.3.1/thumb/v7e-m+fp/hard\libgcc.a
LOAD D:/Env/arm-none-eabi/bin/../lib/gcc/arm-none-eabi/13.3.1/thumb/v7e-m+fp/hard\libc_nano.a
LOAD D:/Env/arm-none-eabi/bin/../lib/gcc/arm-none-eabi/13.3.1/thumb/v7e-m+fp/hard\libnosys.a
END GROUP
START GROUP
LOAD D:/Env/arm-none-eabi/bin/../lib/gcc/arm-none-eabi/13.3.1/thumb/v7e-m+fp/hard\libgcc.a
LOAD D:/Env/arm-none-eabi/bin/../lib/gcc/arm-none-eabi/13.3.1/thumb/v7e-m+fp/hard\libc_nano.a
LOAD D:/Env/arm-none-eabi/bin/../lib/gcc/arm-none-eabi/13.3.1/thumb/v7e-m+fp/hard\libnosys.a
END GROUP
LOAD D:/Env/arm-none-eabi/bin/../lib/gcc/arm-none-eabi/13.3.1/thumb/v7e-m+fp/hard/crtend.o
LOAD D:/Env/arm-none-eabi/bin/../lib/gcc/arm-none-eabi/13.3.1/thumb/v7e-m+fp/hard/crtn.o
                0x20008000                        _estack = (ORIGIN (RAM) + LENGTH (RAM))
                0x00000800                        _Min_Heap_Size = 0x800
                0x00001600                        _Min_Stack_Size = 0x1600

.isr_vector     0x08000000      0x1d8
                0x08000000                        . = ALIGN (0x4)
 *(.isr_vector)
 .isr_vector    0x08000000      0x1d8 CMakeFiles/target.elf.dir/mcu/startup_stm32g431xx.s.obj
                0x08000000                g_pfnVectors
                0x080001d8                        . = ALIGN (0x4)

.text           0x080001d8     0x683c
                0x080001d8                        . = ALIGN (0x4)
 *(.text)
 .text          0x080001d8      0x378 D:/Env/arm-none-eabi/bin/../lib/gcc/arm-none-eabi/13.3.1/thumb/v7e-m+fp/hard\libgcc.a(_arm_addsubdf3.o)
                0x080001d8                __aeabi_drsub
                0x080001e0                __aeabi_dsub
                0x080001e0                __subdf3
                0x080001e4                __aeabi_dadd
                0x080001e4                __adddf3
                0x0800045c                __floatunsidf
                0x0800045c                __aeabi_ui2d
                0x0800047c                __floatsidf
                0x0800047c                __aeabi_i2d
                0x080004a0                __aeabi_f2d
                0x080004a0                __extendsfdf2
                0x080004e4                __floatundidf
                0x080004e4                __aeabi_ul2d
                0x080004f4                __floatdidf
                0x080004f4                __aeabi_l2d
 .text          0x08000550      0x424 D:/Env/arm-none-eabi/bin/../lib/gcc/arm-none-eabi/13.3.1/thumb/v7e-m+fp/hard\libgcc.a(_arm_muldivdf3.o)
                0x08000550                __aeabi_dmul
                0x08000550                __muldf3
                0x080007a4                __divdf3
                0x080007a4                __aeabi_ddiv
 .text          0x08000974      0x110 D:/Env/arm-none-eabi/bin/../lib/gcc/arm-none-eabi/13.3.1/thumb/v7e-m+fp/hard\libgcc.a(_arm_cmpdf2.o)
                0x08000974                __gtdf2
                0x08000974                __gedf2
                0x0800097c                __ltdf2
                0x0800097c                __ledf2
                0x08000984                __nedf2
                0x08000984                __eqdf2
                0x08000984                __cmpdf2
                0x08000a00                __aeabi_cdrcmple
                0x08000a10                __aeabi_cdcmpeq
                0x08000a10                __aeabi_cdcmple
                0x08000a20                __aeabi_dcmpeq
                0x08000a34                __aeabi_dcmplt
                0x08000a48                __aeabi_dcmple
                0x08000a5c                __aeabi_dcmpge
                0x08000a70                __aeabi_dcmpgt
 .text          0x08000a84       0x2c D:/Env/arm-none-eabi/bin/../lib/gcc/arm-none-eabi/13.3.1/thumb/v7e-m+fp/hard\libgcc.a(_arm_unorddf2.o)
                0x08000a84                __unorddf2
                0x08000a84                __aeabi_dcmpun
 .text          0x08000ab0       0xa0 D:/Env/arm-none-eabi/bin/../lib/gcc/arm-none-eabi/13.3.1/thumb/v7e-m+fp/hard\libgcc.a(_arm_truncdfsf2.o)
                0x08000ab0                __truncdfsf2
                0x08000ab0                __aeabi_d2f
 .text          0x08000b50       0x30 D:/Env/arm-none-eabi/bin/../lib/gcc/arm-none-eabi/13.3.1/thumb/v7e-m+fp/hard\libgcc.a(_aeabi_uldivmod.o)
                0x08000b50                __aeabi_uldivmod
 .text          0x08000b80        0x4 D:/Env/arm-none-eabi/bin/../lib/gcc/arm-none-eabi/13.3.1/thumb/v7e-m+fp/hard\libgcc.a(_dvmd_tls.o)
                0x08000b80                __aeabi_idiv0
                0x08000b80                __aeabi_ldiv0
 *(.text*)
 .text.deregister_tm_clones
                0x08000b84       0x1c D:/Env/arm-none-eabi/bin/../lib/gcc/arm-none-eabi/13.3.1/thumb/v7e-m+fp/hard/crtbegin.o
 .text.register_tm_clones
                0x08000ba0       0x24 D:/Env/arm-none-eabi/bin/../lib/gcc/arm-none-eabi/13.3.1/thumb/v7e-m+fp/hard/crtbegin.o
 .text.__do_global_dtors_aux
                0x08000bc4       0x28 D:/Env/arm-none-eabi/bin/../lib/gcc/arm-none-eabi/13.3.1/thumb/v7e-m+fp/hard/crtbegin.o
 .text.frame_dummy
                0x08000bec       0x24 D:/Env/arm-none-eabi/bin/../lib/gcc/arm-none-eabi/13.3.1/thumb/v7e-m+fp/hard/crtbegin.o
 .text.FFT_test
                0x08000c10      0x494 CMakeFiles/target.elf.dir/app/Src/FFT.c.obj
                0x08000c10                FFT_test
 .text.ADC_FFT  0x080010a4       0x3c CMakeFiles/target.elf.dir/app/Src/FFT.c.obj
                0x080010a4                ADC_FFT
 .text.SystemClock_Config
                0x080010e0       0x78 CMakeFiles/target.elf.dir/mcu/Core/Src/main.c.obj
                0x080010e0                SystemClock_Config
 .text.startup.main
                0x08001158       0x98 CMakeFiles/target.elf.dir/mcu/Core/Src/main.c.obj
                0x08001158                main
 .text.Error_Handler
                0x080011f0        0x4 CMakeFiles/target.elf.dir/mcu/Core/Src/main.c.obj
                0x080011f0                Error_Handler
 *fill*         0x080011f4        0x4 
 .text.MX_GPIO_Init
                0x080011f8       0x94 CMakeFiles/target.elf.dir/mcu/Core/Src/gpio.c.obj
                0x080011f8                MX_GPIO_Init
 .text.NMI_Handler
                0x0800128c        0x4 CMakeFiles/target.elf.dir/mcu/Core/Src/stm32g4xx_it.c.obj
                0x0800128c                NMI_Handler
 .text.HardFault_Handler
                0x08001290        0x4 CMakeFiles/target.elf.dir/mcu/Core/Src/stm32g4xx_it.c.obj
                0x08001290                HardFault_Handler
 .text.MemManage_Handler
                0x08001294        0x4 CMakeFiles/target.elf.dir/mcu/Core/Src/stm32g4xx_it.c.obj
                0x08001294                MemManage_Handler
 .text.BusFault_Handler
                0x08001298        0x4 CMakeFiles/target.elf.dir/mcu/Core/Src/stm32g4xx_it.c.obj
                0x08001298                BusFault_Handler
 .text.UsageFault_Handler
                0x0800129c        0x4 CMakeFiles/target.elf.dir/mcu/Core/Src/stm32g4xx_it.c.obj
                0x0800129c                UsageFault_Handler
 .text.SVC_Handler
                0x080012a0        0x4 CMakeFiles/target.elf.dir/mcu/Core/Src/stm32g4xx_it.c.obj
                0x080012a0                SVC_Handler
 .text.DebugMon_Handler
                0x080012a4        0x4 CMakeFiles/target.elf.dir/mcu/Core/Src/stm32g4xx_it.c.obj
                0x080012a4                DebugMon_Handler
 .text.PendSV_Handler
                0x080012a8        0x4 CMakeFiles/target.elf.dir/mcu/Core/Src/stm32g4xx_it.c.obj
                0x080012a8                PendSV_Handler
 .text.SysTick_Handler
                0x080012ac        0x4 CMakeFiles/target.elf.dir/mcu/Core/Src/stm32g4xx_it.c.obj
                0x080012ac                SysTick_Handler
 .text.DMA1_Channel1_IRQHandler
                0x080012b0        0xc CMakeFiles/target.elf.dir/mcu/Core/Src/stm32g4xx_it.c.obj
                0x080012b0                DMA1_Channel1_IRQHandler
 .text.ADC1_2_IRQHandler
                0x080012bc        0xc CMakeFiles/target.elf.dir/mcu/Core/Src/stm32g4xx_it.c.obj
                0x080012bc                ADC1_2_IRQHandler
 .text.TIM3_IRQHandler
                0x080012c8        0xc CMakeFiles/target.elf.dir/mcu/Core/Src/stm32g4xx_it.c.obj
                0x080012c8                TIM3_IRQHandler
 .text.USART3_IRQHandler
                0x080012d4        0xc CMakeFiles/target.elf.dir/mcu/Core/Src/stm32g4xx_it.c.obj
                0x080012d4                USART3_IRQHandler
 .text.HAL_MspInit
                0x080012e0       0x34 CMakeFiles/target.elf.dir/mcu/Core/Src/stm32g4xx_hal_msp.c.obj
                0x080012e0                HAL_MspInit
 .text.HAL_InitTick
                0x08001314       0x4c CMakeFiles/target.elf.dir/mcu/Drivers/STM32G4xx_HAL_Driver/Src/stm32g4xx_hal.c.obj
                0x08001314                HAL_InitTick
 .text.HAL_Init
                0x08001360       0x20 CMakeFiles/target.elf.dir/mcu/Drivers/STM32G4xx_HAL_Driver/Src/stm32g4xx_hal.c.obj
                0x08001360                HAL_Init
 .text.HAL_IncTick
                0x08001380       0x18 CMakeFiles/target.elf.dir/mcu/Drivers/STM32G4xx_HAL_Driver/Src/stm32g4xx_hal.c.obj
                0x08001380                HAL_IncTick
 .text.HAL_GetTick
                0x08001398        0xc CMakeFiles/target.elf.dir/mcu/Drivers/STM32G4xx_HAL_Driver/Src/stm32g4xx_hal.c.obj
                0x08001398                HAL_GetTick
 .text.HAL_Delay
                0x080013a4       0x24 CMakeFiles/target.elf.dir/mcu/Drivers/STM32G4xx_HAL_Driver/Src/stm32g4xx_hal.c.obj
                0x080013a4                HAL_Delay
 .text.HAL_RCC_OscConfig
                0x080013c8      0x48c CMakeFiles/target.elf.dir/mcu/Drivers/STM32G4xx_HAL_Driver/Src/stm32g4xx_hal_rcc.c.obj
                0x080013c8                HAL_RCC_OscConfig
 .text.HAL_RCC_GetSysClockFreq
                0x08001854       0x70 CMakeFiles/target.elf.dir/mcu/Drivers/STM32G4xx_HAL_Driver/Src/stm32g4xx_hal_rcc.c.obj
                0x08001854                HAL_RCC_GetSysClockFreq
 .text.HAL_RCC_ClockConfig
                0x080018c4      0x208 CMakeFiles/target.elf.dir/mcu/Drivers/STM32G4xx_HAL_Driver/Src/stm32g4xx_hal_rcc.c.obj
                0x080018c4                HAL_RCC_ClockConfig
 .text.HAL_RCC_GetPCLK1Freq
                0x08001acc       0x24 CMakeFiles/target.elf.dir/mcu/Drivers/STM32G4xx_HAL_Driver/Src/stm32g4xx_hal_rcc.c.obj
                0x08001acc                HAL_RCC_GetPCLK1Freq
 .text.HAL_RCC_GetPCLK2Freq
                0x08001af0       0x24 CMakeFiles/target.elf.dir/mcu/Drivers/STM32G4xx_HAL_Driver/Src/stm32g4xx_hal_rcc.c.obj
                0x08001af0                HAL_RCC_GetPCLK2Freq
 .text.HAL_RCCEx_PeriphCLKConfig
                0x08001b14      0x2a0 CMakeFiles/target.elf.dir/mcu/Drivers/STM32G4xx_HAL_Driver/Src/stm32g4xx_hal_rcc_ex.c.obj
                0x08001b14                HAL_RCCEx_PeriphCLKConfig
 .text.HAL_GPIO_Init
                0x08001db4      0x210 CMakeFiles/target.elf.dir/mcu/Drivers/STM32G4xx_HAL_Driver/Src/stm32g4xx_hal_gpio.c.obj
                0x08001db4                HAL_GPIO_Init
 .text.HAL_GPIO_WritePin
                0x08001fc4        0xc CMakeFiles/target.elf.dir/mcu/Drivers/STM32G4xx_HAL_Driver/Src/stm32g4xx_hal_gpio.c.obj
                0x08001fc4                HAL_GPIO_WritePin
 .text.HAL_DMA_Init
                0x08001fd0      0x124 CMakeFiles/target.elf.dir/mcu/Drivers/STM32G4xx_HAL_Driver/Src/stm32g4xx_hal_dma.c.obj
                0x08001fd0                HAL_DMA_Init
 .text.HAL_DMA_Start_IT
                0x080020f4       0xb0 CMakeFiles/target.elf.dir/mcu/Drivers/STM32G4xx_HAL_Driver/Src/stm32g4xx_hal_dma.c.obj
                0x080020f4                HAL_DMA_Start_IT
 .text.HAL_DMA_Abort
                0x080021a4       0x74 CMakeFiles/target.elf.dir/mcu/Drivers/STM32G4xx_HAL_Driver/Src/stm32g4xx_hal_dma.c.obj
                0x080021a4                HAL_DMA_Abort
 .text.HAL_DMA_Abort_IT
                0x08002218       0x78 CMakeFiles/target.elf.dir/mcu/Drivers/STM32G4xx_HAL_Driver/Src/stm32g4xx_hal_dma.c.obj
                0x08002218                HAL_DMA_Abort_IT
 .text.HAL_DMA_IRQHandler
                0x08002290       0x9c CMakeFiles/target.elf.dir/mcu/Drivers/STM32G4xx_HAL_Driver/Src/stm32g4xx_hal_dma.c.obj
                0x08002290                HAL_DMA_IRQHandler
 .text.HAL_PWREx_ControlVoltageScaling
                0x0800232c       0xe4 CMakeFiles/target.elf.dir/mcu/Drivers/STM32G4xx_HAL_Driver/Src/stm32g4xx_hal_pwr_ex.c.obj
                0x0800232c                HAL_PWREx_ControlVoltageScaling
 .text.HAL_PWREx_DisableUCPDDeadBattery
                0x08002410       0x10 CMakeFiles/target.elf.dir/mcu/Drivers/STM32G4xx_HAL_Driver/Src/stm32g4xx_hal_pwr_ex.c.obj
                0x08002410                HAL_PWREx_DisableUCPDDeadBattery
 .text.HAL_NVIC_SetPriorityGrouping
                0x08002420       0x24 CMakeFiles/target.elf.dir/mcu/Drivers/STM32G4xx_HAL_Driver/Src/stm32g4xx_hal_cortex.c.obj
                0x08002420                HAL_NVIC_SetPriorityGrouping
 .text.HAL_NVIC_SetPriority
                0x08002444       0x78 CMakeFiles/target.elf.dir/mcu/Drivers/STM32G4xx_HAL_Driver/Src/stm32g4xx_hal_cortex.c.obj
                0x08002444                HAL_NVIC_SetPriority
 .text.HAL_NVIC_EnableIRQ
                0x080024bc       0x1c CMakeFiles/target.elf.dir/mcu/Drivers/STM32G4xx_HAL_Driver/Src/stm32g4xx_hal_cortex.c.obj
                0x080024bc                HAL_NVIC_EnableIRQ
 .text.HAL_SYSTICK_Config
                0x080024d8       0x34 CMakeFiles/target.elf.dir/mcu/Drivers/STM32G4xx_HAL_Driver/Src/stm32g4xx_hal_cortex.c.obj
                0x080024d8                HAL_SYSTICK_Config
 .text.HAL_TIM_Base_Start
                0x0800250c       0x68 CMakeFiles/target.elf.dir/mcu/Drivers/STM32G4xx_HAL_Driver/Src/stm32g4xx_hal_tim.c.obj
                0x0800250c                HAL_TIM_Base_Start
 .text.HAL_TIM_ConfigClockSource
                0x08002574      0x1a0 CMakeFiles/target.elf.dir/mcu/Drivers/STM32G4xx_HAL_Driver/Src/stm32g4xx_hal_tim.c.obj
                0x08002574                HAL_TIM_ConfigClockSource
 .text.HAL_TIM_PeriodElapsedCallback
                0x08002714        0x4 CMakeFiles/target.elf.dir/mcu/Drivers/STM32G4xx_HAL_Driver/Src/stm32g4xx_hal_tim.c.obj
                0x08002714                HAL_TIM_PeriodElapsedCallback
 .text.HAL_TIM_OC_DelayElapsedCallback
                0x08002718        0x4 CMakeFiles/target.elf.dir/mcu/Drivers/STM32G4xx_HAL_Driver/Src/stm32g4xx_hal_tim.c.obj
                0x08002718                HAL_TIM_OC_DelayElapsedCallback
 .text.HAL_TIM_IC_CaptureCallback
                0x0800271c        0x4 CMakeFiles/target.elf.dir/mcu/Drivers/STM32G4xx_HAL_Driver/Src/stm32g4xx_hal_tim.c.obj
                0x0800271c                HAL_TIM_IC_CaptureCallback
 .text.HAL_TIM_PWM_PulseFinishedCallback
                0x08002720        0x4 CMakeFiles/target.elf.dir/mcu/Drivers/STM32G4xx_HAL_Driver/Src/stm32g4xx_hal_tim.c.obj
                0x08002720                HAL_TIM_PWM_PulseFinishedCallback
 .text.HAL_TIM_TriggerCallback
                0x08002724        0x4 CMakeFiles/target.elf.dir/mcu/Drivers/STM32G4xx_HAL_Driver/Src/stm32g4xx_hal_tim.c.obj
                0x08002724                HAL_TIM_TriggerCallback
 .text.HAL_TIM_IRQHandler
                0x08002728      0x1c4 CMakeFiles/target.elf.dir/mcu/Drivers/STM32G4xx_HAL_Driver/Src/stm32g4xx_hal_tim.c.obj
                0x08002728                HAL_TIM_IRQHandler
 .text.TIM_Base_SetConfig
                0x080028ec       0xc8 CMakeFiles/target.elf.dir/mcu/Drivers/STM32G4xx_HAL_Driver/Src/stm32g4xx_hal_tim.c.obj
                0x080028ec                TIM_Base_SetConfig
 .text.HAL_TIM_Base_Init
                0x080029b4       0x64 CMakeFiles/target.elf.dir/mcu/Drivers/STM32G4xx_HAL_Driver/Src/stm32g4xx_hal_tim.c.obj
                0x080029b4                HAL_TIM_Base_Init
 .text.HAL_TIMEx_MasterConfigSynchronization
                0x08002a18       0xa4 CMakeFiles/target.elf.dir/mcu/Drivers/STM32G4xx_HAL_Driver/Src/stm32g4xx_hal_tim_ex.c.obj
                0x08002a18                HAL_TIMEx_MasterConfigSynchronization
 .text.HAL_TIMEx_CommutCallback
                0x08002abc        0x4 CMakeFiles/target.elf.dir/mcu/Drivers/STM32G4xx_HAL_Driver/Src/stm32g4xx_hal_tim_ex.c.obj
                0x08002abc                HAL_TIMEx_CommutCallback
 .text.HAL_TIMEx_BreakCallback
                0x08002ac0        0x4 CMakeFiles/target.elf.dir/mcu/Drivers/STM32G4xx_HAL_Driver/Src/stm32g4xx_hal_tim_ex.c.obj
                0x08002ac0                HAL_TIMEx_BreakCallback
 .text.HAL_TIMEx_Break2Callback
                0x08002ac4        0x4 CMakeFiles/target.elf.dir/mcu/Drivers/STM32G4xx_HAL_Driver/Src/stm32g4xx_hal_tim_ex.c.obj
                0x08002ac4                HAL_TIMEx_Break2Callback
 .text.HAL_TIMEx_EncoderIndexCallback
                0x08002ac8        0x4 CMakeFiles/target.elf.dir/mcu/Drivers/STM32G4xx_HAL_Driver/Src/stm32g4xx_hal_tim_ex.c.obj
                0x08002ac8                HAL_TIMEx_EncoderIndexCallback
 .text.HAL_TIMEx_DirectionChangeCallback
                0x08002acc        0x4 CMakeFiles/target.elf.dir/mcu/Drivers/STM32G4xx_HAL_Driver/Src/stm32g4xx_hal_tim_ex.c.obj
                0x08002acc                HAL_TIMEx_DirectionChangeCallback
 .text.HAL_TIMEx_IndexErrorCallback
                0x08002ad0        0x4 CMakeFiles/target.elf.dir/mcu/Drivers/STM32G4xx_HAL_Driver/Src/stm32g4xx_hal_tim_ex.c.obj
                0x08002ad0                HAL_TIMEx_IndexErrorCallback
 .text.HAL_TIMEx_TransitionErrorCallback
                0x08002ad4        0x4 CMakeFiles/target.elf.dir/mcu/Drivers/STM32G4xx_HAL_Driver/Src/stm32g4xx_hal_tim_ex.c.obj
                0x08002ad4                HAL_TIMEx_TransitionErrorCallback
 .text.SystemInit
                0x08002ad8       0x14 CMakeFiles/target.elf.dir/mcu/Core/Src/system_stm32g4xx.c.obj
                0x08002ad8                SystemInit
 .text.MX_I2C3_Init
                0x08002aec       0x6c CMakeFiles/target.elf.dir/mcu/Core/Src/i2c.c.obj
                0x08002aec                MX_I2C3_Init
 .text.HAL_I2C_MspInit
                0x08002b58       0x94 CMakeFiles/target.elf.dir/mcu/Core/Src/i2c.c.obj
                0x08002b58                HAL_I2C_MspInit
 .text.MX_USART2_UART_Init
                0x08002bec       0x88 CMakeFiles/target.elf.dir/mcu/Core/Src/usart.c.obj
                0x08002bec                MX_USART2_UART_Init
 .text.MX_USART3_UART_Init
                0x08002c74       0x88 CMakeFiles/target.elf.dir/mcu/Core/Src/usart.c.obj
                0x08002c74                MX_USART3_UART_Init
 *fill*         0x08002cfc        0x4 
 .text.HAL_UART_MspInit
                0x08002d00      0x118 CMakeFiles/target.elf.dir/mcu/Core/Src/usart.c.obj
                0x08002d00                HAL_UART_MspInit
 .text.HAL_I2C_Init
                0x08002e18       0xb4 CMakeFiles/target.elf.dir/mcu/Drivers/STM32G4xx_HAL_Driver/Src/stm32g4xx_hal_i2c.c.obj
                0x08002e18                HAL_I2C_Init
 .text.HAL_I2CEx_ConfigAnalogFilter
                0x08002ecc       0x54 CMakeFiles/target.elf.dir/mcu/Drivers/STM32G4xx_HAL_Driver/Src/stm32g4xx_hal_i2c_ex.c.obj
                0x08002ecc                HAL_I2CEx_ConfigAnalogFilter
 .text.HAL_I2CEx_ConfigDigitalFilter
                0x08002f20       0x58 CMakeFiles/target.elf.dir/mcu/Drivers/STM32G4xx_HAL_Driver/Src/stm32g4xx_hal_i2c_ex.c.obj
                0x08002f20                HAL_I2CEx_ConfigDigitalFilter
 .text.UART_EndRxTransfer
                0x08002f78       0x6c CMakeFiles/target.elf.dir/mcu/Drivers/STM32G4xx_HAL_Driver/Src/stm32g4xx_hal_uart.c.obj
 .text.HAL_UART_TxCpltCallback
                0x08002fe4        0x4 CMakeFiles/target.elf.dir/mcu/Drivers/STM32G4xx_HAL_Driver/Src/stm32g4xx_hal_uart.c.obj
                0x08002fe4                HAL_UART_TxCpltCallback
 .text.HAL_UART_RxCpltCallback
                0x08002fe8        0x4 CMakeFiles/target.elf.dir/mcu/Drivers/STM32G4xx_HAL_Driver/Src/stm32g4xx_hal_uart.c.obj
                0x08002fe8                HAL_UART_RxCpltCallback
 .text.HAL_UART_ErrorCallback
                0x08002fec        0x4 CMakeFiles/target.elf.dir/mcu/Drivers/STM32G4xx_HAL_Driver/Src/stm32g4xx_hal_uart.c.obj
                0x08002fec                HAL_UART_ErrorCallback
 .text.UART_DMAAbortOnError
                0x08002ff0       0x14 CMakeFiles/target.elf.dir/mcu/Drivers/STM32G4xx_HAL_Driver/Src/stm32g4xx_hal_uart.c.obj
 .text.HAL_UARTEx_RxEventCallback
                0x08003004        0x4 CMakeFiles/target.elf.dir/mcu/Drivers/STM32G4xx_HAL_Driver/Src/stm32g4xx_hal_uart.c.obj
                0x08003004                HAL_UARTEx_RxEventCallback
 .text.HAL_UART_IRQHandler
                0x08003008      0x364 CMakeFiles/target.elf.dir/mcu/Drivers/STM32G4xx_HAL_Driver/Src/stm32g4xx_hal_uart.c.obj
                0x08003008                HAL_UART_IRQHandler
 .text.UART_RxISR_8BIT
                0x0800336c       0xdc CMakeFiles/target.elf.dir/mcu/Drivers/STM32G4xx_HAL_Driver/Src/stm32g4xx_hal_uart.c.obj
 .text.UART_RxISR_16BIT
                0x08003448       0xd4 CMakeFiles/target.elf.dir/mcu/Drivers/STM32G4xx_HAL_Driver/Src/stm32g4xx_hal_uart.c.obj
 .text.UART_RxISR_8BIT_FIFOEN
                0x0800351c      0x1dc CMakeFiles/target.elf.dir/mcu/Drivers/STM32G4xx_HAL_Driver/Src/stm32g4xx_hal_uart.c.obj
 .text.UART_RxISR_16BIT_FIFOEN
                0x080036f8      0x1e4 CMakeFiles/target.elf.dir/mcu/Drivers/STM32G4xx_HAL_Driver/Src/stm32g4xx_hal_uart.c.obj
 .text.UART_SetConfig
                0x080038dc      0x278 CMakeFiles/target.elf.dir/mcu/Drivers/STM32G4xx_HAL_Driver/Src/stm32g4xx_hal_uart.c.obj
                0x080038dc                UART_SetConfig
 .text.UART_AdvFeatureConfig
                0x08003b54       0xb0 CMakeFiles/target.elf.dir/mcu/Drivers/STM32G4xx_HAL_Driver/Src/stm32g4xx_hal_uart.c.obj
                0x08003b54                UART_AdvFeatureConfig
 .text.UART_WaitOnFlagUntilTimeout
                0x08003c04       0x9c CMakeFiles/target.elf.dir/mcu/Drivers/STM32G4xx_HAL_Driver/Src/stm32g4xx_hal_uart.c.obj
                0x08003c04                UART_WaitOnFlagUntilTimeout
 .text.UART_CheckIdleState
                0x08003ca0       0xbc CMakeFiles/target.elf.dir/mcu/Drivers/STM32G4xx_HAL_Driver/Src/stm32g4xx_hal_uart.c.obj
                0x08003ca0                UART_CheckIdleState
 .text.HAL_UART_Init
                0x08003d5c       0x68 CMakeFiles/target.elf.dir/mcu/Drivers/STM32G4xx_HAL_Driver/Src/stm32g4xx_hal_uart.c.obj
                0x08003d5c                HAL_UART_Init
 .text.UART_Start_Receive_IT
                0x08003dc4      0x13c CMakeFiles/target.elf.dir/mcu/Drivers/STM32G4xx_HAL_Driver/Src/stm32g4xx_hal_uart.c.obj
                0x08003dc4                UART_Start_Receive_IT
 .text.HAL_UART_Receive_IT
                0x08003f00       0x44 CMakeFiles/target.elf.dir/mcu/Drivers/STM32G4xx_HAL_Driver/Src/stm32g4xx_hal_uart.c.obj
                0x08003f00                HAL_UART_Receive_IT
 .text.UARTEx_SetNbDataToProcess.part.0
                0x08003f44       0x40 CMakeFiles/target.elf.dir/mcu/Drivers/STM32G4xx_HAL_Driver/Src/stm32g4xx_hal_uart_ex.c.obj
 .text.HAL_UARTEx_WakeupCallback
                0x08003f84        0x4 CMakeFiles/target.elf.dir/mcu/Drivers/STM32G4xx_HAL_Driver/Src/stm32g4xx_hal_uart_ex.c.obj
                0x08003f84                HAL_UARTEx_WakeupCallback
 .text.HAL_UARTEx_RxFifoFullCallback
                0x08003f88        0x4 CMakeFiles/target.elf.dir/mcu/Drivers/STM32G4xx_HAL_Driver/Src/stm32g4xx_hal_uart_ex.c.obj
                0x08003f88                HAL_UARTEx_RxFifoFullCallback
 .text.HAL_UARTEx_TxFifoEmptyCallback
                0x08003f8c        0x4 CMakeFiles/target.elf.dir/mcu/Drivers/STM32G4xx_HAL_Driver/Src/stm32g4xx_hal_uart_ex.c.obj
                0x08003f8c                HAL_UARTEx_TxFifoEmptyCallback
 .text.HAL_UARTEx_DisableFifoMode
                0x08003f90       0x3c CMakeFiles/target.elf.dir/mcu/Drivers/STM32G4xx_HAL_Driver/Src/stm32g4xx_hal_uart_ex.c.obj
                0x08003f90                HAL_UARTEx_DisableFifoMode
 .text.HAL_UARTEx_SetTxFifoThreshold
                0x08003fcc       0x4c CMakeFiles/target.elf.dir/mcu/Drivers/STM32G4xx_HAL_Driver/Src/stm32g4xx_hal_uart_ex.c.obj
                0x08003fcc                HAL_UARTEx_SetTxFifoThreshold
 .text.HAL_UARTEx_SetRxFifoThreshold
                0x08004018       0x4c CMakeFiles/target.elf.dir/mcu/Drivers/STM32G4xx_HAL_Driver/Src/stm32g4xx_hal_uart_ex.c.obj
                0x08004018                HAL_UARTEx_SetRxFifoThreshold
 .text.MX_ADC1_Init
                0x08004064       0xa8 CMakeFiles/target.elf.dir/mcu/Core/Src/adc.c.obj
                0x08004064                MX_ADC1_Init
 .text.HAL_ADC_MspInit
                0x0800410c       0xd4 CMakeFiles/target.elf.dir/mcu/Core/Src/adc.c.obj
                0x0800410c                HAL_ADC_MspInit
 .text.MX_TIM3_Init
                0x080041e0       0x74 CMakeFiles/target.elf.dir/mcu/Core/Src/tim.c.obj
                0x080041e0                MX_TIM3_Init
 .text.HAL_TIM_Base_MspInit
                0x08004254       0x40 CMakeFiles/target.elf.dir/mcu/Core/Src/tim.c.obj
                0x08004254                HAL_TIM_Base_MspInit
 .text.HAL_ADC_Init
                0x08004294      0x1e8 CMakeFiles/target.elf.dir/mcu/Drivers/STM32G4xx_HAL_Driver/Src/stm32g4xx_hal_adc.c.obj
                0x08004294                HAL_ADC_Init
 .text.HAL_ADC_ConvCpltCallback
                0x0800447c        0x4 CMakeFiles/target.elf.dir/mcu/Drivers/STM32G4xx_HAL_Driver/Src/stm32g4xx_hal_adc.c.obj
                0x0800447c                HAL_ADC_ConvCpltCallback
 .text.HAL_ADC_ConvHalfCpltCallback
                0x08004480        0x4 CMakeFiles/target.elf.dir/mcu/Drivers/STM32G4xx_HAL_Driver/Src/stm32g4xx_hal_adc.c.obj
                0x08004480                HAL_ADC_ConvHalfCpltCallback
 .text.ADC_DMAHalfConvCplt
                0x08004484        0xc CMakeFiles/target.elf.dir/mcu/Drivers/STM32G4xx_HAL_Driver/Src/stm32g4xx_hal_adc.c.obj
                0x08004484                ADC_DMAHalfConvCplt
 .text.HAL_ADC_LevelOutOfWindowCallback
                0x08004490        0x4 CMakeFiles/target.elf.dir/mcu/Drivers/STM32G4xx_HAL_Driver/Src/stm32g4xx_hal_adc.c.obj
                0x08004490                HAL_ADC_LevelOutOfWindowCallback
 .text.HAL_ADC_ErrorCallback
                0x08004494        0x4 CMakeFiles/target.elf.dir/mcu/Drivers/STM32G4xx_HAL_Driver/Src/stm32g4xx_hal_adc.c.obj
                0x08004494                HAL_ADC_ErrorCallback
 .text.HAL_ADC_IRQHandler
                0x08004498      0x244 CMakeFiles/target.elf.dir/mcu/Drivers/STM32G4xx_HAL_Driver/Src/stm32g4xx_hal_adc.c.obj
                0x08004498                HAL_ADC_IRQHandler
 .text.ADC_DMAConvCplt
                0x080046dc       0x6c CMakeFiles/target.elf.dir/mcu/Drivers/STM32G4xx_HAL_Driver/Src/stm32g4xx_hal_adc.c.obj
                0x080046dc                ADC_DMAConvCplt
 .text.ADC_DMAError
                0x08004748       0x1c CMakeFiles/target.elf.dir/mcu/Drivers/STM32G4xx_HAL_Driver/Src/stm32g4xx_hal_adc.c.obj
                0x08004748                ADC_DMAError
 .text.HAL_ADC_ConfigChannel
                0x08004764      0x4d0 CMakeFiles/target.elf.dir/mcu/Drivers/STM32G4xx_HAL_Driver/Src/stm32g4xx_hal_adc.c.obj
                0x08004764                HAL_ADC_ConfigChannel
 .text.ADC_ConversionStop
                0x08004c34      0x100 CMakeFiles/target.elf.dir/mcu/Drivers/STM32G4xx_HAL_Driver/Src/stm32g4xx_hal_adc.c.obj
                0x08004c34                ADC_ConversionStop
 .text.ADC_Enable
                0x08004d34       0xc8 CMakeFiles/target.elf.dir/mcu/Drivers/STM32G4xx_HAL_Driver/Src/stm32g4xx_hal_adc.c.obj
                0x08004d34                ADC_Enable
 .text.HAL_ADC_Start_DMA
                0x08004dfc       0xec CMakeFiles/target.elf.dir/mcu/Drivers/STM32G4xx_HAL_Driver/Src/stm32g4xx_hal_adc.c.obj
                0x08004dfc                HAL_ADC_Start_DMA
 .text.ADC_Disable
                0x08004ee8       0x74 CMakeFiles/target.elf.dir/mcu/Drivers/STM32G4xx_HAL_Driver/Src/stm32g4xx_hal_adc.c.obj
                0x08004ee8                ADC_Disable
 .text.HAL_ADC_Stop_DMA
                0x08004f5c       0x90 CMakeFiles/target.elf.dir/mcu/Drivers/STM32G4xx_HAL_Driver/Src/stm32g4xx_hal_adc.c.obj
                0x08004f5c                HAL_ADC_Stop_DMA
 .text.HAL_ADCEx_InjectedConvCpltCallback
                0x08004fec        0x4 CMakeFiles/target.elf.dir/mcu/Drivers/STM32G4xx_HAL_Driver/Src/stm32g4xx_hal_adc_ex.c.obj
                0x08004fec                HAL_ADCEx_InjectedConvCpltCallback
 .text.HAL_ADCEx_InjectedQueueOverflowCallback
                0x08004ff0        0x4 CMakeFiles/target.elf.dir/mcu/Drivers/STM32G4xx_HAL_Driver/Src/stm32g4xx_hal_adc_ex.c.obj
                0x08004ff0                HAL_ADCEx_InjectedQueueOverflowCallback
 .text.HAL_ADCEx_LevelOutOfWindow2Callback
                0x08004ff4        0x4 CMakeFiles/target.elf.dir/mcu/Drivers/STM32G4xx_HAL_Driver/Src/stm32g4xx_hal_adc_ex.c.obj
                0x08004ff4                HAL_ADCEx_LevelOutOfWindow2Callback
 .text.HAL_ADCEx_LevelOutOfWindow3Callback
                0x08004ff8        0x4 CMakeFiles/target.elf.dir/mcu/Drivers/STM32G4xx_HAL_Driver/Src/stm32g4xx_hal_adc_ex.c.obj
                0x08004ff8                HAL_ADCEx_LevelOutOfWindow3Callback
 .text.HAL_ADCEx_EndOfSamplingCallback
                0x08004ffc        0x4 CMakeFiles/target.elf.dir/mcu/Drivers/STM32G4xx_HAL_Driver/Src/stm32g4xx_hal_adc_ex.c.obj
                0x08004ffc                HAL_ADCEx_EndOfSamplingCallback
 .text.HAL_ADCEx_MultiModeConfigChannel
                0x08005000       0xc8 CMakeFiles/target.elf.dir/mcu/Drivers/STM32G4xx_HAL_Driver/Src/stm32g4xx_hal_adc_ex.c.obj
                0x08005000                HAL_ADCEx_MultiModeConfigChannel
 .text.MX_DMA_Init
                0x080050c8       0x44 CMakeFiles/target.elf.dir/mcu/Core/Src/dma.c.obj
                0x080050c8                MX_DMA_Init
 .text.Reset_Handler
                0x0800510c       0x50 CMakeFiles/target.elf.dir/mcu/startup_stm32g431xx.s.obj
                0x0800510c                Reset_Handler
 .text.Default_Handler
                0x0800515c        0x2 CMakeFiles/target.elf.dir/mcu/startup_stm32g431xx.s.obj
                0x0800515c                RTC_Alarm_IRQHandler
                0x0800515c                EXTI2_IRQHandler
                0x0800515c                TIM8_TRG_COM_IRQHandler
                0x0800515c                TIM8_CC_IRQHandler
                0x0800515c                TIM1_CC_IRQHandler
                0x0800515c                USB_HP_IRQHandler
                0x0800515c                CORDIC_IRQHandler
                0x0800515c                EXTI3_IRQHandler
                0x0800515c                I2C3_ER_IRQHandler
                0x0800515c                EXTI0_IRQHandler
                0x0800515c                I2C2_EV_IRQHandler
                0x0800515c                FPU_IRQHandler
                0x0800515c                FDCAN1_IT1_IRQHandler
                0x0800515c                TIM1_UP_TIM16_IRQHandler
                0x0800515c                SPI1_IRQHandler
                0x0800515c                TIM6_DAC_IRQHandler
                0x0800515c                TIM8_UP_IRQHandler
                0x0800515c                DMA2_Channel2_IRQHandler
                0x0800515c                DMA1_Channel4_IRQHandler
                0x0800515c                TIM4_IRQHandler
                0x0800515c                DMA2_Channel1_IRQHandler
                0x0800515c                I2C1_EV_IRQHandler
                0x0800515c                DMA1_Channel6_IRQHandler
                0x0800515c                UART4_IRQHandler
                0x0800515c                DMA2_Channel4_IRQHandler
                0x0800515c                RCC_IRQHandler
                0x0800515c                Default_Handler
                0x0800515c                RTC_TAMP_LSECSS_IRQHandler
                0x0800515c                FMAC_IRQHandler
                0x0800515c                EXTI15_10_IRQHandler
                0x0800515c                TIM7_IRQHandler
                0x0800515c                UCPD1_IRQHandler
                0x0800515c                I2C3_EV_IRQHandler
                0x0800515c                EXTI9_5_IRQHandler
                0x0800515c                RTC_WKUP_IRQHandler
                0x0800515c                PVD_PVM_IRQHandler
                0x0800515c                SPI2_IRQHandler
                0x0800515c                DMA2_Channel5_IRQHandler
                0x0800515c                CRS_IRQHandler
                0x0800515c                DMA1_Channel5_IRQHandler
                0x0800515c                USB_LP_IRQHandler
                0x0800515c                EXTI4_IRQHandler
                0x0800515c                RNG_IRQHandler
                0x0800515c                TIM1_TRG_COM_TIM17_IRQHandler
                0x0800515c                DMA1_Channel3_IRQHandler
                0x0800515c                WWDG_IRQHandler
                0x0800515c                LPUART1_IRQHandler
                0x0800515c                DMA2_Channel6_IRQHandler
                0x0800515c                FDCAN1_IT0_IRQHandler
                0x0800515c                TIM2_IRQHandler
                0x0800515c                COMP1_2_3_IRQHandler
                0x0800515c                EXTI1_IRQHandler
                0x0800515c                USART2_IRQHandler
                0x0800515c                I2C2_ER_IRQHandler
                0x0800515c                DMA1_Channel2_IRQHandler
                0x0800515c                TIM8_BRK_IRQHandler
                0x0800515c                FLASH_IRQHandler
                0x0800515c                USART1_IRQHandler
                0x0800515c                SPI3_IRQHandler
                0x0800515c                I2C1_ER_IRQHandler
                0x0800515c                LPTIM1_IRQHandler
                0x0800515c                DMAMUX_OVR_IRQHandler
                0x0800515c                USBWakeUp_IRQHandler
                0x0800515c                SAI1_IRQHandler
                0x0800515c                DMA2_Channel3_IRQHandler
                0x0800515c                COMP4_IRQHandler
                0x0800515c                TIM1_BRK_TIM15_IRQHandler
 *fill*         0x0800515e        0x2 
 .text.arm_rfft_32_fast_init_f32
                0x08005160       0x34 D:/G4CODE/2023_D/mcu/Drivers/CMSIS/DSP/Lib/libarm_cortexM4lf_math.a(arm_rfft_fast_init_f32.o)
                0x08005160                arm_rfft_32_fast_init_f32
 .text.arm_rfft_64_fast_init_f32
                0x08005194       0x34 D:/G4CODE/2023_D/mcu/Drivers/CMSIS/DSP/Lib/libarm_cortexM4lf_math.a(arm_rfft_fast_init_f32.o)
                0x08005194                arm_rfft_64_fast_init_f32
 .text.arm_rfft_256_fast_init_f32
                0x080051c8       0x38 D:/G4CODE/2023_D/mcu/Drivers/CMSIS/DSP/Lib/libarm_cortexM4lf_math.a(arm_rfft_fast_init_f32.o)
                0x080051c8                arm_rfft_256_fast_init_f32
 .text.arm_rfft_512_fast_init_f32
                0x08005200       0x3c D:/G4CODE/2023_D/mcu/Drivers/CMSIS/DSP/Lib/libarm_cortexM4lf_math.a(arm_rfft_fast_init_f32.o)
                0x08005200                arm_rfft_512_fast_init_f32
 .text.arm_rfft_1024_fast_init_f32
                0x0800523c       0x3c D:/G4CODE/2023_D/mcu/Drivers/CMSIS/DSP/Lib/libarm_cortexM4lf_math.a(arm_rfft_fast_init_f32.o)
                0x0800523c                arm_rfft_1024_fast_init_f32
 .text.arm_rfft_2048_fast_init_f32
                0x08005278       0x3c D:/G4CODE/2023_D/mcu/Drivers/CMSIS/DSP/Lib/libarm_cortexM4lf_math.a(arm_rfft_fast_init_f32.o)
                0x08005278                arm_rfft_2048_fast_init_f32
 .text.arm_rfft_4096_fast_init_f32
                0x080052b4       0x3c D:/G4CODE/2023_D/mcu/Drivers/CMSIS/DSP/Lib/libarm_cortexM4lf_math.a(arm_rfft_fast_init_f32.o)
                0x080052b4                arm_rfft_4096_fast_init_f32
 .text.arm_rfft_fast_init_f32
                0x080052f0       0x68 D:/G4CODE/2023_D/mcu/Drivers/CMSIS/DSP/Lib/libarm_cortexM4lf_math.a(arm_rfft_fast_init_f32.o)
                0x080052f0                arm_rfft_fast_init_f32
 .text.stage_rfft_f32
                0x08005358       0xb4 D:/G4CODE/2023_D/mcu/Drivers/CMSIS/DSP/Lib/libarm_cortexM4lf_math.a(arm_rfft_fast_f32.o)
                0x08005358                stage_rfft_f32
 .text.merge_rfft_f32
                0x0800540c       0xac D:/G4CODE/2023_D/mcu/Drivers/CMSIS/DSP/Lib/libarm_cortexM4lf_math.a(arm_rfft_fast_f32.o)
                0x0800540c                merge_rfft_f32
 .text.arm_rfft_fast_f32
                0x080054b8       0x40 D:/G4CODE/2023_D/mcu/Drivers/CMSIS/DSP/Lib/libarm_cortexM4lf_math.a(arm_rfft_fast_f32.o)
                0x080054b8                arm_rfft_fast_f32
 .text.arm_cfft_radix8by2_f32
                0x080054f8      0x1a0 D:/G4CODE/2023_D/mcu/Drivers/CMSIS/DSP/Lib/libarm_cortexM4lf_math.a(arm_cfft_f32.o)
                0x080054f8                arm_cfft_radix8by2_f32
 .text.arm_cfft_radix8by4_f32
                0x08005698      0x4ac D:/G4CODE/2023_D/mcu/Drivers/CMSIS/DSP/Lib/libarm_cortexM4lf_math.a(arm_cfft_f32.o)
                0x08005698                arm_cfft_radix8by4_f32
 .text.arm_cfft_f32
                0x08005b44       0xf0 D:/G4CODE/2023_D/mcu/Drivers/CMSIS/DSP/Lib/libarm_cortexM4lf_math.a(arm_cfft_f32.o)
                0x08005b44                arm_cfft_f32
 .text.arm_bitreversal_32
                0x08005c34       0x40 D:/G4CODE/2023_D/mcu/Drivers/CMSIS/DSP/Lib/libarm_cortexM4lf_math.a(arm_bitreversal2.o)
                0x08005c34                arm_bitreversal_32
 .text.arm_cmplx_mag_f32
                0x08005c74      0x248 D:/G4CODE/2023_D/mcu/Drivers/CMSIS/DSP/Lib/libarm_cortexM4lf_math.a(arm_cmplx_mag_f32.o)
                0x08005c74                arm_cmplx_mag_f32
 .text.arm_radix8_butterfly_f32
                0x08005ebc      0x580 D:/G4CODE/2023_D/mcu/Drivers/CMSIS/DSP/Lib/libarm_cortexM4lf_math.a(arm_cfft_radix8_f32.o)
                0x08005ebc                arm_radix8_butterfly_f32
 .text.memset   0x0800643c       0x10 D:/Env/arm-none-eabi/bin/../lib/gcc/arm-none-eabi/13.3.1/thumb/v7e-m+fp/hard\libc_nano.a(libc_a-memset.o)
                0x0800643c                memset
 .text.__errno  0x0800644c        0xc D:/Env/arm-none-eabi/bin/../lib/gcc/arm-none-eabi/13.3.1/thumb/v7e-m+fp/hard\libc_nano.a(libc_a-errno.o)
                0x0800644c                __errno
 .text.__libc_init_array
                0x08006458       0x48 D:/Env/arm-none-eabi/bin/../lib/gcc/arm-none-eabi/13.3.1/thumb/v7e-m+fp/hard\libc_nano.a(libc_a-init.o)
                0x08006458                __libc_init_array
 .text.sqrt     0x080064a0       0x68 D:/Env/arm-none-eabi/bin/../lib/gcc/arm-none-eabi/13.3.1/thumb/v7e-m+fp/hard\libm.a(libm_a-w_sqrt.o)
                0x080064a0                sqrt
 .text.sqrtf    0x08006508       0x44 D:/Env/arm-none-eabi/bin/../lib/gcc/arm-none-eabi/13.3.1/thumb/v7e-m+fp/hard\libm.a(libm_a-wf_sqrt.o)
                0x08006508                sqrtf
 .text.__ieee754_sqrt
                0x0800654c      0x1ec D:/Env/arm-none-eabi/bin/../lib/gcc/arm-none-eabi/13.3.1/thumb/v7e-m+fp/hard\libm.a(libm_a-e_sqrt.o)
                0x0800654c                __ieee754_sqrt
 .text.__ieee754_sqrtf
                0x08006738        0x8 D:/Env/arm-none-eabi/bin/../lib/gcc/arm-none-eabi/13.3.1/thumb/v7e-m+fp/hard\libm.a(libm_a-ef_sqrt.o)
                0x08006738                __ieee754_sqrtf
 .text.__udivmoddi4
                0x08006740      0x2bc D:/Env/arm-none-eabi/bin/../lib/gcc/arm-none-eabi/13.3.1/thumb/v7e-m+fp/hard\libgcc.a(_udivmoddi4.o)
                0x08006740                __udivmoddi4
 *(.glue_7)
 .glue_7        0x080069fc        0x0 linker stubs
 *(.glue_7t)
 .glue_7t       0x080069fc        0x0 linker stubs
 *(.eh_frame)
 .eh_frame      0x080069fc        0x0 D:/Env/arm-none-eabi/bin/../lib/gcc/arm-none-eabi/13.3.1/thumb/v7e-m+fp/hard/crtbegin.o
 *(.init)
 .init          0x080069fc        0x4 D:/Env/arm-none-eabi/bin/../lib/gcc/arm-none-eabi/13.3.1/thumb/v7e-m+fp/hard/crti.o
                0x080069fc                _init
 .init          0x08006a00        0x8 D:/Env/arm-none-eabi/bin/../lib/gcc/arm-none-eabi/13.3.1/thumb/v7e-m+fp/hard/crtn.o
 *(.fini)
 .fini          0x08006a08        0x4 D:/Env/arm-none-eabi/bin/../lib/gcc/arm-none-eabi/13.3.1/thumb/v7e-m+fp/hard/crti.o
                0x08006a08                _fini
 .fini          0x08006a0c        0x8 D:/Env/arm-none-eabi/bin/../lib/gcc/arm-none-eabi/13.3.1/thumb/v7e-m+fp/hard/crtn.o
                0x08006a14                        . = ALIGN (0x4)
                0x08006a14                        _etext = .

.vfp11_veneer   0x08006a14        0x0
 .vfp11_veneer  0x08006a14        0x0 linker stubs

.v4_bx          0x08006a14        0x0
 .v4_bx         0x08006a14        0x0 linker stubs

.iplt           0x08006a14        0x0
 .iplt          0x08006a14        0x0 D:/Env/arm-none-eabi/bin/../lib/gcc/arm-none-eabi/13.3.1/thumb/v7e-m+fp/hard/crtbegin.o

.rodata         0x08006a18    0x13038
                0x08006a18                        . = ALIGN (0x4)
 *(.rodata)
 *(.rodata*)
 .rodata.APBPrescTable
                0x08006a18        0x8 CMakeFiles/target.elf.dir/mcu/Core/Src/system_stm32g4xx.c.obj
                0x08006a18                APBPrescTable
 .rodata.AHBPrescTable
                0x08006a20       0x10 CMakeFiles/target.elf.dir/mcu/Core/Src/system_stm32g4xx.c.obj
                0x08006a20                AHBPrescTable
 .rodata.UARTPrescTable
                0x08006a30       0x18 CMakeFiles/target.elf.dir/mcu/Drivers/STM32G4xx_HAL_Driver/Src/stm32g4xx_hal_uart.c.obj
                0x08006a30                UARTPrescTable
 .rodata.denominator.0
                0x08006a48        0x8 CMakeFiles/target.elf.dir/mcu/Drivers/STM32G4xx_HAL_Driver/Src/stm32g4xx_hal_uart_ex.c.obj
 .rodata.numerator.1
                0x08006a50        0x8 CMakeFiles/target.elf.dir/mcu/Drivers/STM32G4xx_HAL_Driver/Src/stm32g4xx_hal_uart_ex.c.obj
 .rodata.armBitRevIndexTable1024
                0x08006a58      0xe10 D:/G4CODE/2023_D/mcu/Drivers/CMSIS/DSP/Lib/libarm_cortexM4lf_math.a(arm_common_tables.o)
                0x08006a58                armBitRevIndexTable1024
 .rodata.armBitRevIndexTable128
                0x08007868      0x1a0 D:/G4CODE/2023_D/mcu/Drivers/CMSIS/DSP/Lib/libarm_cortexM4lf_math.a(arm_common_tables.o)
                0x08007868                armBitRevIndexTable128
 .rodata.armBitRevIndexTable16
                0x08007a08       0x28 D:/G4CODE/2023_D/mcu/Drivers/CMSIS/DSP/Lib/libarm_cortexM4lf_math.a(arm_common_tables.o)
                0x08007a08                armBitRevIndexTable16
 .rodata.armBitRevIndexTable2048
                0x08007a30     0x1dc0 D:/G4CODE/2023_D/mcu/Drivers/CMSIS/DSP/Lib/libarm_cortexM4lf_math.a(arm_common_tables.o)
                0x08007a30                armBitRevIndexTable2048
 .rodata.armBitRevIndexTable256
                0x080097f0      0x370 D:/G4CODE/2023_D/mcu/Drivers/CMSIS/DSP/Lib/libarm_cortexM4lf_math.a(arm_common_tables.o)
                0x080097f0                armBitRevIndexTable256
 .rodata.armBitRevIndexTable32
                0x08009b60       0x60 D:/G4CODE/2023_D/mcu/Drivers/CMSIS/DSP/Lib/libarm_cortexM4lf_math.a(arm_common_tables.o)
                0x08009b60                armBitRevIndexTable32
 .rodata.armBitRevIndexTable512
                0x08009bc0      0x380 D:/G4CODE/2023_D/mcu/Drivers/CMSIS/DSP/Lib/libarm_cortexM4lf_math.a(arm_common_tables.o)
                0x08009bc0                armBitRevIndexTable512
 .rodata.twiddleCoef_1024
                0x08009f40     0x2000 D:/G4CODE/2023_D/mcu/Drivers/CMSIS/DSP/Lib/libarm_cortexM4lf_math.a(arm_common_tables.o)
                0x08009f40                twiddleCoef_1024
 .rodata.twiddleCoef_128
                0x0800bf40      0x400 D:/G4CODE/2023_D/mcu/Drivers/CMSIS/DSP/Lib/libarm_cortexM4lf_math.a(arm_common_tables.o)
                0x0800bf40                twiddleCoef_128
 .rodata.twiddleCoef_16
                0x0800c340       0x80 D:/G4CODE/2023_D/mcu/Drivers/CMSIS/DSP/Lib/libarm_cortexM4lf_math.a(arm_common_tables.o)
                0x0800c340                twiddleCoef_16
 .rodata.twiddleCoef_2048
                0x0800c3c0     0x4000 D:/G4CODE/2023_D/mcu/Drivers/CMSIS/DSP/Lib/libarm_cortexM4lf_math.a(arm_common_tables.o)
                0x0800c3c0                twiddleCoef_2048
 .rodata.twiddleCoef_256
                0x080103c0      0x800 D:/G4CODE/2023_D/mcu/Drivers/CMSIS/DSP/Lib/libarm_cortexM4lf_math.a(arm_common_tables.o)
                0x080103c0                twiddleCoef_256
 .rodata.twiddleCoef_32
                0x08010bc0      0x100 D:/G4CODE/2023_D/mcu/Drivers/CMSIS/DSP/Lib/libarm_cortexM4lf_math.a(arm_common_tables.o)
                0x08010bc0                twiddleCoef_32
 .rodata.twiddleCoef_512
                0x08010cc0     0x1000 D:/G4CODE/2023_D/mcu/Drivers/CMSIS/DSP/Lib/libarm_cortexM4lf_math.a(arm_common_tables.o)
                0x08010cc0                twiddleCoef_512
 .rodata.twiddleCoef_rfft_1024
                0x08011cc0     0x1000 D:/G4CODE/2023_D/mcu/Drivers/CMSIS/DSP/Lib/libarm_cortexM4lf_math.a(arm_common_tables.o)
                0x08011cc0                twiddleCoef_rfft_1024
 .rodata.twiddleCoef_rfft_2048
                0x08012cc0     0x2000 D:/G4CODE/2023_D/mcu/Drivers/CMSIS/DSP/Lib/libarm_cortexM4lf_math.a(arm_common_tables.o)
                0x08012cc0                twiddleCoef_rfft_2048
 .rodata.twiddleCoef_rfft_256
                0x08014cc0      0x400 D:/G4CODE/2023_D/mcu/Drivers/CMSIS/DSP/Lib/libarm_cortexM4lf_math.a(arm_common_tables.o)
                0x08014cc0                twiddleCoef_rfft_256
 .rodata.twiddleCoef_rfft_32
                0x080150c0       0x80 D:/G4CODE/2023_D/mcu/Drivers/CMSIS/DSP/Lib/libarm_cortexM4lf_math.a(arm_common_tables.o)
                0x080150c0                twiddleCoef_rfft_32
 .rodata.twiddleCoef_rfft_4096
                0x08015140     0x4000 D:/G4CODE/2023_D/mcu/Drivers/CMSIS/DSP/Lib/libarm_cortexM4lf_math.a(arm_common_tables.o)
                0x08015140                twiddleCoef_rfft_4096
 .rodata.twiddleCoef_rfft_512
                0x08019140      0x800 D:/G4CODE/2023_D/mcu/Drivers/CMSIS/DSP/Lib/libarm_cortexM4lf_math.a(arm_common_tables.o)
                0x08019140                twiddleCoef_rfft_512
 .rodata.twiddleCoef_rfft_64
                0x08019940      0x100 D:/G4CODE/2023_D/mcu/Drivers/CMSIS/DSP/Lib/libarm_cortexM4lf_math.a(arm_common_tables.o)
                0x08019940                twiddleCoef_rfft_64
 .rodata.tiny   0x08019a40        0x8 D:/Env/arm-none-eabi/bin/../lib/gcc/arm-none-eabi/13.3.1/thumb/v7e-m+fp/hard\libm.a(libm_a-e_sqrt.o)
 .rodata.one    0x08019a48        0x8 D:/Env/arm-none-eabi/bin/../lib/gcc/arm-none-eabi/13.3.1/thumb/v7e-m+fp/hard\libm.a(libm_a-e_sqrt.o)
                0x08019a50                        . = ALIGN (0x4)

.ARM.extab
 *(.ARM.extab* .gnu.linkonce.armextab.*)

.ARM            0x08019a50        0x8
                0x08019a50                        __exidx_start = .
 *(.ARM.exidx*)
 .ARM.exidx.text.__udivmoddi4
                0x08019a50        0x8 D:/Env/arm-none-eabi/bin/../lib/gcc/arm-none-eabi/13.3.1/thumb/v7e-m+fp/hard\libgcc.a(_udivmoddi4.o)
                0x08019a58                        __exidx_end = .

.rel.dyn        0x08019a58        0x0
 .rel.iplt      0x08019a58        0x0 D:/Env/arm-none-eabi/bin/../lib/gcc/arm-none-eabi/13.3.1/thumb/v7e-m+fp/hard/crtbegin.o

.preinit_array  0x08019a58        0x0
                0x08019a58                        PROVIDE (__preinit_array_start = .)
 *(.preinit_array*)
                0x08019a58                        PROVIDE (__preinit_array_end = .)

.init_array     0x08019a58        0x4
                0x08019a58                        PROVIDE (__init_array_start = .)
 *(SORT_BY_NAME(.init_array.*))
 *(.init_array*)
 .init_array    0x08019a58        0x4 D:/Env/arm-none-eabi/bin/../lib/gcc/arm-none-eabi/13.3.1/thumb/v7e-m+fp/hard/crtbegin.o
                0x08019a5c                        PROVIDE (__init_array_end = .)

.fini_array     0x08019a5c        0x4
                [!provide]                        PROVIDE (__fini_array_start = .)
 *(SORT_BY_NAME(.fini_array.*))
 *(.fini_array*)
 .fini_array    0x08019a5c        0x4 D:/Env/arm-none-eabi/bin/../lib/gcc/arm-none-eabi/13.3.1/thumb/v7e-m+fp/hard/crtbegin.o
                [!provide]                        PROVIDE (__fini_array_end = .)
                0x08019a60                        _sidata = LOADADDR (.data)

.data           0x20000000       0x5c load address 0x08019a60
                0x20000000                        . = ALIGN (0x4)
                0x20000000                        _sdata = .
 *(.data)
 *(.data*)
 .data.uwTickFreq
                0x20000000        0x4 CMakeFiles/target.elf.dir/mcu/Drivers/STM32G4xx_HAL_Driver/Src/stm32g4xx_hal.c.obj
                0x20000000                uwTickFreq
 .data.uwTickPrio
                0x20000004        0x4 CMakeFiles/target.elf.dir/mcu/Drivers/STM32G4xx_HAL_Driver/Src/stm32g4xx_hal.c.obj
                0x20000004                uwTickPrio
 .data.SystemCoreClock
                0x20000008        0x4 CMakeFiles/target.elf.dir/mcu/Core/Src/system_stm32g4xx.c.obj
                0x20000008                SystemCoreClock
 .data._impure_ptr
                0x2000000c        0x4 D:/Env/arm-none-eabi/bin/../lib/gcc/arm-none-eabi/13.3.1/thumb/v7e-m+fp/hard\libc_nano.a(libc_a-impure.o)
                0x2000000c                _impure_ptr
 .data._impure_data
                0x20000010       0x4c D:/Env/arm-none-eabi/bin/../lib/gcc/arm-none-eabi/13.3.1/thumb/v7e-m+fp/hard\libc_nano.a(libc_a-impure.o)
                0x20000010                _impure_data
                0x2000005c                        . = ALIGN (0x4)
                0x2000005c                        _edata = .

.tm_clone_table
                0x2000005c        0x0 load address 0x08019abc
 .tm_clone_table
                0x2000005c        0x0 D:/Env/arm-none-eabi/bin/../lib/gcc/arm-none-eabi/13.3.1/thumb/v7e-m+fp/hard/crtbegin.o
 .tm_clone_table
                0x2000005c        0x0 D:/Env/arm-none-eabi/bin/../lib/gcc/arm-none-eabi/13.3.1/thumb/v7e-m+fp/hard/crtend.o

.igot.plt       0x2000005c        0x0 load address 0x08019abc
 .igot.plt      0x2000005c        0x0 D:/Env/arm-none-eabi/bin/../lib/gcc/arm-none-eabi/13.3.1/thumb/v7e-m+fp/hard/crtbegin.o
                0x2000005c                        . = ALIGN (0x4)

.bss            0x20000060     0x340c load address 0x08019abc
                0x20000060                        _sbss = .
                0x20000060                        __bss_start__ = _sbss
 *(.bss)
 *(.bss*)
 .bss.completed.1
                0x20000060        0x1 D:/Env/arm-none-eabi/bin/../lib/gcc/arm-none-eabi/13.3.1/thumb/v7e-m+fp/hard/crtbegin.o
 *fill*         0x20000061        0x3 
 .bss.object.0  0x20000064       0x18 D:/Env/arm-none-eabi/bin/../lib/gcc/arm-none-eabi/13.3.1/thumb/v7e-m+fp/hard/crtbegin.o
 .bss.ADC_Value_V
                0x2000007c     0x1000 CMakeFiles/target.elf.dir/app/Src/FFT.c.obj
                0x2000007c                ADC_Value_V
 .bss.ADC_Value
                0x2000107c      0x800 CMakeFiles/target.elf.dir/app/Src/FFT.c.obj
                0x2000107c                ADC_Value
 .bss.FFT_Mag_Outputdata
                0x2000187c      0x800 CMakeFiles/target.elf.dir/app/Src/FFT.c.obj
                0x2000187c                FFT_Mag_Outputdata
 .bss.FFT_Outputdata
                0x2000207c     0x1000 CMakeFiles/target.elf.dir/app/Src/FFT.c.obj
                0x2000207c                FFT_Outputdata
 .bss.mode      0x2000307c        0x4 CMakeFiles/target.elf.dir/app/Src/FFT.c.obj
                0x2000307c                mode
 .bss.am1       0x20003080        0x2 CMakeFiles/target.elf.dir/app/Src/FFT.c.obj
                0x20003080                am1
 *fill*         0x20003082        0x2 
 .bss.m         0x20003084        0x4 CMakeFiles/target.elf.dir/app/Src/FFT.c.obj
                0x20003084                m
 .bss.temp      0x20003088        0x4 CMakeFiles/target.elf.dir/app/Src/FFT.c.obj
                0x20003088                temp
 .bss.am2       0x2000308c        0x4 CMakeFiles/target.elf.dir/app/Src/FFT.c.obj
                0x2000308c                am2
 .bss.RxBuffer  0x20003090        0x1 CMakeFiles/target.elf.dir/mcu/Core/Src/main.c.obj
                0x20003090                RxBuffer
 *fill*         0x20003091        0x3 
 .bss.uwTick    0x20003094        0x4 CMakeFiles/target.elf.dir/mcu/Drivers/STM32G4xx_HAL_Driver/Src/stm32g4xx_hal.c.obj
                0x20003094                uwTick
 .bss.hi2c3     0x20003098       0x54 CMakeFiles/target.elf.dir/mcu/Core/Src/i2c.c.obj
                0x20003098                hi2c3
 *fill*         0x200030ec        0x4 
 .bss.huart3    0x200030f0       0x94 CMakeFiles/target.elf.dir/mcu/Core/Src/usart.c.obj
                0x200030f0                huart3
 *fill*         0x20003184        0x4 
 .bss.huart2    0x20003188       0x94 CMakeFiles/target.elf.dir/mcu/Core/Src/usart.c.obj
                0x20003188                huart2
 .bss.hdma_adc1
                0x2000321c       0x60 CMakeFiles/target.elf.dir/mcu/Core/Src/adc.c.obj
                0x2000321c                hdma_adc1
 .bss.hadc1     0x2000327c       0x6c CMakeFiles/target.elf.dir/mcu/Core/Src/adc.c.obj
                0x2000327c                hadc1
 .bss.htim3     0x200032e8       0x4c CMakeFiles/target.elf.dir/mcu/Core/Src/tim.c.obj
                0x200032e8                htim3
 .bss.__sf      0x20003334      0x138 D:/Env/arm-none-eabi/bin/../lib/gcc/arm-none-eabi/13.3.1/thumb/v7e-m+fp/hard\libc_nano.a(libc_a-findfp.o)
                0x20003334                __sf
 *(COMMON)
                0x2000346c                        . = ALIGN (0x4)
                0x2000346c                        _ebss = .
                0x2000346c                        __bss_end__ = _ebss

._user_heap_stack
                0x2000346c     0x1e04 load address 0x08019abc
                0x20003470                        . = ALIGN (0x8)
 *fill*         0x2000346c        0x4 
                [!provide]                        PROVIDE (end = .)
                0x20003470                        PROVIDE (_end = .)
                0x20003c70                        . = (. + _Min_Heap_Size)
 *fill*         0x20003470      0x800 
                0x20005270                        . = (. + _Min_Stack_Size)
 *fill*         0x20003c70     0x1600 
                0x20005270                        . = ALIGN (0x8)

/DISCARD/
 libc.a(*)
 libm.a(*)
 libgcc.a(*)

.ARM.attributes
                0x00000000       0x30
 *(.ARM.attributes)
 .ARM.attributes
                0x00000000       0x22 D:/Env/arm-none-eabi/bin/../lib/gcc/arm-none-eabi/13.3.1/thumb/v7e-m+fp/hard/crti.o
 .ARM.attributes
                0x00000022       0x34 D:/Env/arm-none-eabi/bin/../lib/gcc/arm-none-eabi/13.3.1/thumb/v7e-m+fp/hard/crtbegin.o
 .ARM.attributes
                0x00000056       0x34 CMakeFiles/target.elf.dir/app/Src/FFT.c.obj
 .ARM.attributes
                0x0000008a       0x34 CMakeFiles/target.elf.dir/mcu/Core/Src/main.c.obj
 .ARM.attributes
                0x000000be       0x34 CMakeFiles/target.elf.dir/mcu/Core/Src/gpio.c.obj
 .ARM.attributes
                0x000000f2       0x34 CMakeFiles/target.elf.dir/mcu/Core/Src/stm32g4xx_it.c.obj
 .ARM.attributes
                0x00000126       0x34 CMakeFiles/target.elf.dir/mcu/Core/Src/stm32g4xx_hal_msp.c.obj
 .ARM.attributes
                0x0000015a       0x34 CMakeFiles/target.elf.dir/mcu/Drivers/STM32G4xx_HAL_Driver/Src/stm32g4xx_hal.c.obj
 .ARM.attributes
                0x0000018e       0x34 CMakeFiles/target.elf.dir/mcu/Drivers/STM32G4xx_HAL_Driver/Src/stm32g4xx_hal_rcc.c.obj
 .ARM.attributes
                0x000001c2       0x34 CMakeFiles/target.elf.dir/mcu/Drivers/STM32G4xx_HAL_Driver/Src/stm32g4xx_hal_rcc_ex.c.obj
 .ARM.attributes
                0x000001f6       0x34 CMakeFiles/target.elf.dir/mcu/Drivers/STM32G4xx_HAL_Driver/Src/stm32g4xx_hal_gpio.c.obj
 .ARM.attributes
                0x0000022a       0x34 CMakeFiles/target.elf.dir/mcu/Drivers/STM32G4xx_HAL_Driver/Src/stm32g4xx_hal_dma.c.obj
 .ARM.attributes
                0x0000025e       0x34 CMakeFiles/target.elf.dir/mcu/Drivers/STM32G4xx_HAL_Driver/Src/stm32g4xx_hal_pwr_ex.c.obj
 .ARM.attributes
                0x00000292       0x34 CMakeFiles/target.elf.dir/mcu/Drivers/STM32G4xx_HAL_Driver/Src/stm32g4xx_hal_cortex.c.obj
 .ARM.attributes
                0x000002c6       0x34 CMakeFiles/target.elf.dir/mcu/Drivers/STM32G4xx_HAL_Driver/Src/stm32g4xx_hal_tim.c.obj
 .ARM.attributes
                0x000002fa       0x34 CMakeFiles/target.elf.dir/mcu/Drivers/STM32G4xx_HAL_Driver/Src/stm32g4xx_hal_tim_ex.c.obj
 .ARM.attributes
                0x0000032e       0x34 CMakeFiles/target.elf.dir/mcu/Core/Src/system_stm32g4xx.c.obj
 .ARM.attributes
                0x00000362       0x34 CMakeFiles/target.elf.dir/mcu/Core/Src/i2c.c.obj
 .ARM.attributes
                0x00000396       0x34 CMakeFiles/target.elf.dir/mcu/Core/Src/usart.c.obj
 .ARM.attributes
                0x000003ca       0x34 CMakeFiles/target.elf.dir/mcu/Drivers/STM32G4xx_HAL_Driver/Src/stm32g4xx_hal_i2c.c.obj
 .ARM.attributes
                0x000003fe       0x34 CMakeFiles/target.elf.dir/mcu/Drivers/STM32G4xx_HAL_Driver/Src/stm32g4xx_hal_i2c_ex.c.obj
 .ARM.attributes
                0x00000432       0x34 CMakeFiles/target.elf.dir/mcu/Drivers/STM32G4xx_HAL_Driver/Src/stm32g4xx_hal_uart.c.obj
 .ARM.attributes
                0x00000466       0x34 CMakeFiles/target.elf.dir/mcu/Drivers/STM32G4xx_HAL_Driver/Src/stm32g4xx_hal_uart_ex.c.obj
 .ARM.attributes
                0x0000049a       0x34 CMakeFiles/target.elf.dir/mcu/Core/Src/adc.c.obj
 .ARM.attributes
                0x000004ce       0x34 CMakeFiles/target.elf.dir/mcu/Core/Src/tim.c.obj
 .ARM.attributes
                0x00000502       0x34 CMakeFiles/target.elf.dir/mcu/Drivers/STM32G4xx_HAL_Driver/Src/stm32g4xx_hal_adc.c.obj
 .ARM.attributes
                0x00000536       0x34 CMakeFiles/target.elf.dir/mcu/Drivers/STM32G4xx_HAL_Driver/Src/stm32g4xx_hal_adc_ex.c.obj
 .ARM.attributes
                0x0000056a       0x34 CMakeFiles/target.elf.dir/mcu/Core/Src/dma.c.obj
 .ARM.attributes
                0x0000059e       0x21 CMakeFiles/target.elf.dir/mcu/startup_stm32g431xx.s.obj
 .ARM.attributes
                0x000005bf       0x34 D:/G4CODE/2023_D/mcu/Drivers/CMSIS/DSP/Lib/libarm_cortexM4lf_math.a(arm_rfft_fast_init_f32.o)
 .ARM.attributes
                0x000005f3       0x34 D:/G4CODE/2023_D/mcu/Drivers/CMSIS/DSP/Lib/libarm_cortexM4lf_math.a(arm_rfft_fast_f32.o)
 .ARM.attributes
                0x00000627       0x34 D:/G4CODE/2023_D/mcu/Drivers/CMSIS/DSP/Lib/libarm_cortexM4lf_math.a(arm_cfft_f32.o)
 .ARM.attributes
                0x0000065b       0x34 D:/G4CODE/2023_D/mcu/Drivers/CMSIS/DSP/Lib/libarm_cortexM4lf_math.a(arm_bitreversal2.o)
 .ARM.attributes
                0x0000068f       0x34 D:/G4CODE/2023_D/mcu/Drivers/CMSIS/DSP/Lib/libarm_cortexM4lf_math.a(arm_cmplx_mag_f32.o)
 .ARM.attributes
                0x000006c3       0x39 D:/G4CODE/2023_D/mcu/Drivers/CMSIS/DSP/Lib/libarm_cortexM4lf_math.a(arm_common_tables.o)
 .ARM.attributes
                0x000006fc       0x34 D:/G4CODE/2023_D/mcu/Drivers/CMSIS/DSP/Lib/libarm_cortexM4lf_math.a(arm_cfft_radix8_f32.o)
 .ARM.attributes
                0x00000730       0x34 D:/Env/arm-none-eabi/bin/../lib/gcc/arm-none-eabi/13.3.1/thumb/v7e-m+fp/hard\libc_nano.a(libc_a-findfp.o)
 .ARM.attributes
                0x00000764       0x34 D:/Env/arm-none-eabi/bin/../lib/gcc/arm-none-eabi/13.3.1/thumb/v7e-m+fp/hard\libc_nano.a(libc_a-memset.o)
 .ARM.attributes
                0x00000798       0x34 D:/Env/arm-none-eabi/bin/../lib/gcc/arm-none-eabi/13.3.1/thumb/v7e-m+fp/hard\libc_nano.a(libc_a-impure.o)
 .ARM.attributes
                0x000007cc       0x34 D:/Env/arm-none-eabi/bin/../lib/gcc/arm-none-eabi/13.3.1/thumb/v7e-m+fp/hard\libc_nano.a(libc_a-errno.o)
 .ARM.attributes
                0x00000800       0x34 D:/Env/arm-none-eabi/bin/../lib/gcc/arm-none-eabi/13.3.1/thumb/v7e-m+fp/hard\libc_nano.a(libc_a-init.o)
 .ARM.attributes
                0x00000834       0x34 D:/Env/arm-none-eabi/bin/../lib/gcc/arm-none-eabi/13.3.1/thumb/v7e-m+fp/hard\libm.a(libm_a-w_sqrt.o)
 .ARM.attributes
                0x00000868       0x34 D:/Env/arm-none-eabi/bin/../lib/gcc/arm-none-eabi/13.3.1/thumb/v7e-m+fp/hard\libm.a(libm_a-wf_sqrt.o)
 .ARM.attributes
                0x0000089c       0x34 D:/Env/arm-none-eabi/bin/../lib/gcc/arm-none-eabi/13.3.1/thumb/v7e-m+fp/hard\libm.a(libm_a-e_sqrt.o)
 .ARM.attributes
                0x000008d0       0x34 D:/Env/arm-none-eabi/bin/../lib/gcc/arm-none-eabi/13.3.1/thumb/v7e-m+fp/hard\libm.a(libm_a-ef_sqrt.o)
 .ARM.attributes
                0x00000904       0x22 D:/Env/arm-none-eabi/bin/../lib/gcc/arm-none-eabi/13.3.1/thumb/v7e-m+fp/hard\libgcc.a(_arm_addsubdf3.o)
 .ARM.attributes
                0x00000926       0x22 D:/Env/arm-none-eabi/bin/../lib/gcc/arm-none-eabi/13.3.1/thumb/v7e-m+fp/hard\libgcc.a(_arm_muldivdf3.o)
 .ARM.attributes
                0x00000948       0x22 D:/Env/arm-none-eabi/bin/../lib/gcc/arm-none-eabi/13.3.1/thumb/v7e-m+fp/hard\libgcc.a(_arm_cmpdf2.o)
 .ARM.attributes
                0x0000096a       0x22 D:/Env/arm-none-eabi/bin/../lib/gcc/arm-none-eabi/13.3.1/thumb/v7e-m+fp/hard\libgcc.a(_arm_unorddf2.o)
 .ARM.attributes
                0x0000098c       0x22 D:/Env/arm-none-eabi/bin/../lib/gcc/arm-none-eabi/13.3.1/thumb/v7e-m+fp/hard\libgcc.a(_arm_truncdfsf2.o)
 .ARM.attributes
                0x000009ae       0x22 D:/Env/arm-none-eabi/bin/../lib/gcc/arm-none-eabi/13.3.1/thumb/v7e-m+fp/hard\libgcc.a(_aeabi_uldivmod.o)
 .ARM.attributes
                0x000009d0       0x34 D:/Env/arm-none-eabi/bin/../lib/gcc/arm-none-eabi/13.3.1/thumb/v7e-m+fp/hard\libgcc.a(_udivmoddi4.o)
 .ARM.attributes
                0x00000a04       0x22 D:/Env/arm-none-eabi/bin/../lib/gcc/arm-none-eabi/13.3.1/thumb/v7e-m+fp/hard\libgcc.a(_dvmd_tls.o)
 .ARM.attributes
                0x00000a26       0x34 D:/Env/arm-none-eabi/bin/../lib/gcc/arm-none-eabi/13.3.1/thumb/v7e-m+fp/hard/crtend.o
 .ARM.attributes
                0x00000a5a       0x22 D:/Env/arm-none-eabi/bin/../lib/gcc/arm-none-eabi/13.3.1/thumb/v7e-m+fp/hard/crtn.o
OUTPUT(target.elf elf32-littlearm)
LOAD linker stubs
LOAD D:/Env/arm-none-eabi/bin/../lib/gcc/arm-none-eabi/13.3.1/thumb/v7e-m+fp/hard\libc.a
LOAD D:/Env/arm-none-eabi/bin/../lib/gcc/arm-none-eabi/13.3.1/thumb/v7e-m+fp/hard\libm.a
LOAD D:/Env/arm-none-eabi/bin/../lib/gcc/arm-none-eabi/13.3.1/thumb/v7e-m+fp/hard\libgcc.a

.debug_info     0x00000000    0x3171a
 .debug_info    0x00000000      0x752 CMakeFiles/target.elf.dir/app/Src/FFT.c.obj
 .debug_info    0x00000752     0x1572 CMakeFiles/target.elf.dir/mcu/Core/Src/main.c.obj
 .debug_info    0x00001cc4      0x4ae CMakeFiles/target.elf.dir/mcu/Core/Src/gpio.c.obj
 .debug_info    0x00002172     0x1132 CMakeFiles/target.elf.dir/mcu/Core/Src/stm32g4xx_it.c.obj
 .debug_info    0x000032a4      0x2df CMakeFiles/target.elf.dir/mcu/Core/Src/stm32g4xx_hal_msp.c.obj
 .debug_info    0x00003583      0xbdd CMakeFiles/target.elf.dir/mcu/Drivers/STM32G4xx_HAL_Driver/Src/stm32g4xx_hal.c.obj
 .debug_info    0x00004160      0xe77 CMakeFiles/target.elf.dir/mcu/Drivers/STM32G4xx_HAL_Driver/Src/stm32g4xx_hal_rcc.c.obj
 .debug_info    0x00004fd7      0xd42 CMakeFiles/target.elf.dir/mcu/Drivers/STM32G4xx_HAL_Driver/Src/stm32g4xx_hal_rcc_ex.c.obj
 .debug_info    0x00005d19      0x795 CMakeFiles/target.elf.dir/mcu/Drivers/STM32G4xx_HAL_Driver/Src/stm32g4xx_hal_gpio.c.obj
 .debug_info    0x000064ae      0xa5e CMakeFiles/target.elf.dir/mcu/Drivers/STM32G4xx_HAL_Driver/Src/stm32g4xx_hal_dma.c.obj
 .debug_info    0x00006f0c      0x98f CMakeFiles/target.elf.dir/mcu/Drivers/STM32G4xx_HAL_Driver/Src/stm32g4xx_hal_pwr_ex.c.obj
 .debug_info    0x0000789b      0xf8a CMakeFiles/target.elf.dir/mcu/Drivers/STM32G4xx_HAL_Driver/Src/stm32g4xx_hal_cortex.c.obj
 .debug_info    0x00008825     0x4ab7 CMakeFiles/target.elf.dir/mcu/Drivers/STM32G4xx_HAL_Driver/Src/stm32g4xx_hal_tim.c.obj
 .debug_info    0x0000d2dc     0x2528 CMakeFiles/target.elf.dir/mcu/Drivers/STM32G4xx_HAL_Driver/Src/stm32g4xx_hal_tim_ex.c.obj
 .debug_info    0x0000f804      0x5a3 CMakeFiles/target.elf.dir/mcu/Core/Src/system_stm32g4xx.c.obj
 .debug_info    0x0000fda7      0xdb9 CMakeFiles/target.elf.dir/mcu/Core/Src/i2c.c.obj
 .debug_info    0x00010b60     0x12db CMakeFiles/target.elf.dir/mcu/Core/Src/usart.c.obj
 .debug_info    0x00011e3b     0x5aee CMakeFiles/target.elf.dir/mcu/Drivers/STM32G4xx_HAL_Driver/Src/stm32g4xx_hal_i2c.c.obj
 .debug_info    0x00017929      0xaeb CMakeFiles/target.elf.dir/mcu/Drivers/STM32G4xx_HAL_Driver/Src/stm32g4xx_hal_i2c_ex.c.obj
 .debug_info    0x00018414     0x64e0 CMakeFiles/target.elf.dir/mcu/Drivers/STM32G4xx_HAL_Driver/Src/stm32g4xx_hal_uart.c.obj
 .debug_info    0x0001e8f4     0x133c CMakeFiles/target.elf.dir/mcu/Drivers/STM32G4xx_HAL_Driver/Src/stm32g4xx_hal_uart_ex.c.obj
 .debug_info    0x0001fc30     0x130a CMakeFiles/target.elf.dir/mcu/Core/Src/adc.c.obj
 .debug_info    0x00020f3a      0xe9b CMakeFiles/target.elf.dir/mcu/Core/Src/tim.c.obj
 .debug_info    0x00021dd5     0x3500 CMakeFiles/target.elf.dir/mcu/Drivers/STM32G4xx_HAL_Driver/Src/stm32g4xx_hal_adc.c.obj
 .debug_info    0x000252d5     0x2d2b CMakeFiles/target.elf.dir/mcu/Drivers/STM32G4xx_HAL_Driver/Src/stm32g4xx_hal_adc_ex.c.obj
 .debug_info    0x00028000      0x516 CMakeFiles/target.elf.dir/mcu/Core/Src/dma.c.obj
 .debug_info    0x00028516       0x30 CMakeFiles/target.elf.dir/mcu/startup_stm32g431xx.s.obj
 .debug_info    0x00028546     0x192a D:/G4CODE/2023_D/mcu/Drivers/CMSIS/DSP/Lib/libarm_cortexM4lf_math.a(arm_rfft_fast_init_f32.o)
 .debug_info    0x00029e70      0xf91 D:/G4CODE/2023_D/mcu/Drivers/CMSIS/DSP/Lib/libarm_cortexM4lf_math.a(arm_rfft_fast_f32.o)
 .debug_info    0x0002ae01     0x1c5b D:/G4CODE/2023_D/mcu/Drivers/CMSIS/DSP/Lib/libarm_cortexM4lf_math.a(arm_cfft_f32.o)
 .debug_info    0x0002ca5c     0x16a6 D:/G4CODE/2023_D/mcu/Drivers/CMSIS/DSP/Lib/libarm_cortexM4lf_math.a(arm_bitreversal2.o)
 .debug_info    0x0002e102      0xcba D:/G4CODE/2023_D/mcu/Drivers/CMSIS/DSP/Lib/libarm_cortexM4lf_math.a(arm_cmplx_mag_f32.o)
 .debug_info    0x0002edbc     0x1a84 D:/G4CODE/2023_D/mcu/Drivers/CMSIS/DSP/Lib/libarm_cortexM4lf_math.a(arm_common_tables.o)
 .debug_info    0x00030840      0xeda D:/G4CODE/2023_D/mcu/Drivers/CMSIS/DSP/Lib/libarm_cortexM4lf_math.a(arm_cfft_radix8_f32.o)

.debug_abbrev   0x00000000     0x5613
 .debug_abbrev  0x00000000      0x268 CMakeFiles/target.elf.dir/app/Src/FFT.c.obj
 .debug_abbrev  0x00000268      0x303 CMakeFiles/target.elf.dir/mcu/Core/Src/main.c.obj
 .debug_abbrev  0x0000056b      0x16d CMakeFiles/target.elf.dir/mcu/Core/Src/gpio.c.obj
 .debug_abbrev  0x000006d8      0x21e CMakeFiles/target.elf.dir/mcu/Core/Src/stm32g4xx_it.c.obj
 .debug_abbrev  0x000008f6       0xe3 CMakeFiles/target.elf.dir/mcu/Core/Src/stm32g4xx_hal_msp.c.obj
 .debug_abbrev  0x000009d9      0x2db CMakeFiles/target.elf.dir/mcu/Drivers/STM32G4xx_HAL_Driver/Src/stm32g4xx_hal.c.obj
 .debug_abbrev  0x00000cb4      0x350 CMakeFiles/target.elf.dir/mcu/Drivers/STM32G4xx_HAL_Driver/Src/stm32g4xx_hal_rcc.c.obj
 .debug_abbrev  0x00001004      0x2cc CMakeFiles/target.elf.dir/mcu/Drivers/STM32G4xx_HAL_Driver/Src/stm32g4xx_hal_rcc_ex.c.obj
 .debug_abbrev  0x000012d0      0x1f9 CMakeFiles/target.elf.dir/mcu/Drivers/STM32G4xx_HAL_Driver/Src/stm32g4xx_hal_gpio.c.obj
 .debug_abbrev  0x000014c9      0x2ad CMakeFiles/target.elf.dir/mcu/Drivers/STM32G4xx_HAL_Driver/Src/stm32g4xx_hal_dma.c.obj
 .debug_abbrev  0x00001776      0x27f CMakeFiles/target.elf.dir/mcu/Drivers/STM32G4xx_HAL_Driver/Src/stm32g4xx_hal_pwr_ex.c.obj
 .debug_abbrev  0x000019f5      0x385 CMakeFiles/target.elf.dir/mcu/Drivers/STM32G4xx_HAL_Driver/Src/stm32g4xx_hal_cortex.c.obj
 .debug_abbrev  0x00001d7a      0x3bc CMakeFiles/target.elf.dir/mcu/Drivers/STM32G4xx_HAL_Driver/Src/stm32g4xx_hal_tim.c.obj
 .debug_abbrev  0x00002136      0x3a3 CMakeFiles/target.elf.dir/mcu/Drivers/STM32G4xx_HAL_Driver/Src/stm32g4xx_hal_tim_ex.c.obj
 .debug_abbrev  0x000024d9      0x11e CMakeFiles/target.elf.dir/mcu/Core/Src/system_stm32g4xx.c.obj
 .debug_abbrev  0x000025f7      0x241 CMakeFiles/target.elf.dir/mcu/Core/Src/i2c.c.obj
 .debug_abbrev  0x00002838      0x253 CMakeFiles/target.elf.dir/mcu/Core/Src/usart.c.obj
 .debug_abbrev  0x00002a8b      0x3e4 CMakeFiles/target.elf.dir/mcu/Drivers/STM32G4xx_HAL_Driver/Src/stm32g4xx_hal_i2c.c.obj
 .debug_abbrev  0x00002e6f      0x1c2 CMakeFiles/target.elf.dir/mcu/Drivers/STM32G4xx_HAL_Driver/Src/stm32g4xx_hal_i2c_ex.c.obj
 .debug_abbrev  0x00003031      0x4b9 CMakeFiles/target.elf.dir/mcu/Drivers/STM32G4xx_HAL_Driver/Src/stm32g4xx_hal_uart.c.obj
 .debug_abbrev  0x000034ea      0x37a CMakeFiles/target.elf.dir/mcu/Drivers/STM32G4xx_HAL_Driver/Src/stm32g4xx_hal_uart_ex.c.obj
 .debug_abbrev  0x00003864      0x221 CMakeFiles/target.elf.dir/mcu/Core/Src/adc.c.obj
 .debug_abbrev  0x00003a85      0x250 CMakeFiles/target.elf.dir/mcu/Core/Src/tim.c.obj
 .debug_abbrev  0x00003cd5      0x368 CMakeFiles/target.elf.dir/mcu/Drivers/STM32G4xx_HAL_Driver/Src/stm32g4xx_hal_adc.c.obj
 .debug_abbrev  0x0000403d      0x3e8 CMakeFiles/target.elf.dir/mcu/Drivers/STM32G4xx_HAL_Driver/Src/stm32g4xx_hal_adc_ex.c.obj
 .debug_abbrev  0x00004425      0x11c CMakeFiles/target.elf.dir/mcu/Core/Src/dma.c.obj
 .debug_abbrev  0x00004541       0x24 CMakeFiles/target.elf.dir/mcu/startup_stm32g431xx.s.obj
 .debug_abbrev  0x00004565      0x2a0 D:/G4CODE/2023_D/mcu/Drivers/CMSIS/DSP/Lib/libarm_cortexM4lf_math.a(arm_rfft_fast_init_f32.o)
 .debug_abbrev  0x00004805      0x2b8 D:/G4CODE/2023_D/mcu/Drivers/CMSIS/DSP/Lib/libarm_cortexM4lf_math.a(arm_rfft_fast_f32.o)
 .debug_abbrev  0x00004abd      0x2e0 D:/G4CODE/2023_D/mcu/Drivers/CMSIS/DSP/Lib/libarm_cortexM4lf_math.a(arm_cfft_f32.o)
 .debug_abbrev  0x00004d9d      0x206 D:/G4CODE/2023_D/mcu/Drivers/CMSIS/DSP/Lib/libarm_cortexM4lf_math.a(arm_bitreversal2.o)
 .debug_abbrev  0x00004fa3      0x288 D:/G4CODE/2023_D/mcu/Drivers/CMSIS/DSP/Lib/libarm_cortexM4lf_math.a(arm_cmplx_mag_f32.o)
 .debug_abbrev  0x0000522b      0x1dd D:/G4CODE/2023_D/mcu/Drivers/CMSIS/DSP/Lib/libarm_cortexM4lf_math.a(arm_common_tables.o)
 .debug_abbrev  0x00005408      0x20b D:/G4CODE/2023_D/mcu/Drivers/CMSIS/DSP/Lib/libarm_cortexM4lf_math.a(arm_cfft_radix8_f32.o)

.debug_loclists
                0x00000000    0x15ee4
 .debug_loclists
                0x00000000      0x37e CMakeFiles/target.elf.dir/app/Src/FFT.c.obj
 .debug_loclists
                0x0000037e      0x173 CMakeFiles/target.elf.dir/mcu/Drivers/STM32G4xx_HAL_Driver/Src/stm32g4xx_hal.c.obj
 .debug_loclists
                0x000004f1      0x5f5 CMakeFiles/target.elf.dir/mcu/Drivers/STM32G4xx_HAL_Driver/Src/stm32g4xx_hal_rcc.c.obj
 .debug_loclists
                0x00000ae6      0x6e3 CMakeFiles/target.elf.dir/mcu/Drivers/STM32G4xx_HAL_Driver/Src/stm32g4xx_hal_rcc_ex.c.obj
 .debug_loclists
                0x000011c9      0x2c0 CMakeFiles/target.elf.dir/mcu/Drivers/STM32G4xx_HAL_Driver/Src/stm32g4xx_hal_gpio.c.obj
 .debug_loclists
                0x00001489      0x675 CMakeFiles/target.elf.dir/mcu/Drivers/STM32G4xx_HAL_Driver/Src/stm32g4xx_hal_dma.c.obj
 .debug_loclists
                0x00001afe      0x4b4 CMakeFiles/target.elf.dir/mcu/Drivers/STM32G4xx_HAL_Driver/Src/stm32g4xx_hal_pwr_ex.c.obj
 .debug_loclists
                0x00001fb2      0x5d5 CMakeFiles/target.elf.dir/mcu/Drivers/STM32G4xx_HAL_Driver/Src/stm32g4xx_hal_cortex.c.obj
 .debug_loclists
                0x00002587     0x4254 CMakeFiles/target.elf.dir/mcu/Drivers/STM32G4xx_HAL_Driver/Src/stm32g4xx_hal_tim.c.obj
 .debug_loclists
                0x000067db     0x1a0a CMakeFiles/target.elf.dir/mcu/Drivers/STM32G4xx_HAL_Driver/Src/stm32g4xx_hal_tim_ex.c.obj
 .debug_loclists
                0x000081e5       0x7e CMakeFiles/target.elf.dir/mcu/Core/Src/system_stm32g4xx.c.obj
 .debug_loclists
                0x00008263       0x55 CMakeFiles/target.elf.dir/mcu/Core/Src/i2c.c.obj
 .debug_loclists
                0x000082b8       0x55 CMakeFiles/target.elf.dir/mcu/Core/Src/usart.c.obj
 .debug_loclists
                0x0000830d     0x62bd CMakeFiles/target.elf.dir/mcu/Drivers/STM32G4xx_HAL_Driver/Src/stm32g4xx_hal_i2c.c.obj
 .debug_loclists
                0x0000e5ca      0x15b CMakeFiles/target.elf.dir/mcu/Drivers/STM32G4xx_HAL_Driver/Src/stm32g4xx_hal_i2c_ex.c.obj
 .debug_loclists
                0x0000e725     0x3d82 CMakeFiles/target.elf.dir/mcu/Drivers/STM32G4xx_HAL_Driver/Src/stm32g4xx_hal_uart.c.obj
 .debug_loclists
                0x000124a7      0x91c CMakeFiles/target.elf.dir/mcu/Drivers/STM32G4xx_HAL_Driver/Src/stm32g4xx_hal_uart_ex.c.obj
 .debug_loclists
                0x00012dc3       0x45 CMakeFiles/target.elf.dir/mcu/Core/Src/adc.c.obj
 .debug_loclists
                0x00012e08       0x46 CMakeFiles/target.elf.dir/mcu/Core/Src/tim.c.obj
 .debug_loclists
                0x00012e4e     0x1a3e CMakeFiles/target.elf.dir/mcu/Drivers/STM32G4xx_HAL_Driver/Src/stm32g4xx_hal_adc.c.obj
 .debug_loclists
                0x0001488c     0x1658 CMakeFiles/target.elf.dir/mcu/Drivers/STM32G4xx_HAL_Driver/Src/stm32g4xx_hal_adc_ex.c.obj

.debug_aranges  0x00000000     0x1630
 .debug_aranges
                0x00000000       0x28 CMakeFiles/target.elf.dir/app/Src/FFT.c.obj
 .debug_aranges
                0x00000028       0x30 CMakeFiles/target.elf.dir/mcu/Core/Src/main.c.obj
 .debug_aranges
                0x00000058       0x20 CMakeFiles/target.elf.dir/mcu/Core/Src/gpio.c.obj
 .debug_aranges
                0x00000078       0x80 CMakeFiles/target.elf.dir/mcu/Core/Src/stm32g4xx_it.c.obj
 .debug_aranges
                0x000000f8       0x20 CMakeFiles/target.elf.dir/mcu/Core/Src/stm32g4xx_hal_msp.c.obj
 .debug_aranges
                0x00000118      0x148 CMakeFiles/target.elf.dir/mcu/Drivers/STM32G4xx_HAL_Driver/Src/stm32g4xx_hal.c.obj
 .debug_aranges
                0x00000260       0x90 CMakeFiles/target.elf.dir/mcu/Drivers/STM32G4xx_HAL_Driver/Src/stm32g4xx_hal_rcc.c.obj
 .debug_aranges
                0x000002f0       0xb0 CMakeFiles/target.elf.dir/mcu/Drivers/STM32G4xx_HAL_Driver/Src/stm32g4xx_hal_rcc_ex.c.obj
 .debug_aranges
                0x000003a0       0x58 CMakeFiles/target.elf.dir/mcu/Drivers/STM32G4xx_HAL_Driver/Src/stm32g4xx_hal_gpio.c.obj
 .debug_aranges
                0x000003f8       0x78 CMakeFiles/target.elf.dir/mcu/Drivers/STM32G4xx_HAL_Driver/Src/stm32g4xx_hal_dma.c.obj
 .debug_aranges
                0x00000470      0x140 CMakeFiles/target.elf.dir/mcu/Drivers/STM32G4xx_HAL_Driver/Src/stm32g4xx_hal_pwr_ex.c.obj
 .debug_aranges
                0x000005b0       0xa8 CMakeFiles/target.elf.dir/mcu/Drivers/STM32G4xx_HAL_Driver/Src/stm32g4xx_hal_cortex.c.obj
 .debug_aranges
                0x00000658      0x3b0 CMakeFiles/target.elf.dir/mcu/Drivers/STM32G4xx_HAL_Driver/Src/stm32g4xx_hal_tim.c.obj
 .debug_aranges
                0x00000a08      0x238 CMakeFiles/target.elf.dir/mcu/Drivers/STM32G4xx_HAL_Driver/Src/stm32g4xx_hal_tim_ex.c.obj
 .debug_aranges
                0x00000c40       0x28 CMakeFiles/target.elf.dir/mcu/Core/Src/system_stm32g4xx.c.obj
 .debug_aranges
                0x00000c68       0x30 CMakeFiles/target.elf.dir/mcu/Core/Src/i2c.c.obj
 .debug_aranges
                0x00000c98       0x38 CMakeFiles/target.elf.dir/mcu/Core/Src/usart.c.obj
 .debug_aranges
                0x00000cd0      0x260 CMakeFiles/target.elf.dir/mcu/Drivers/STM32G4xx_HAL_Driver/Src/stm32g4xx_hal_i2c.c.obj
 .debug_aranges
                0x00000f30       0x48 CMakeFiles/target.elf.dir/mcu/Drivers/STM32G4xx_HAL_Driver/Src/stm32g4xx_hal_i2c_ex.c.obj
 .debug_aranges
                0x00000f78      0x238 CMakeFiles/target.elf.dir/mcu/Drivers/STM32G4xx_HAL_Driver/Src/stm32g4xx_hal_uart.c.obj
 .debug_aranges
                0x000011b0       0xa0 CMakeFiles/target.elf.dir/mcu/Drivers/STM32G4xx_HAL_Driver/Src/stm32g4xx_hal_uart_ex.c.obj
 .debug_aranges
                0x00001250       0x30 CMakeFiles/target.elf.dir/mcu/Core/Src/adc.c.obj
 .debug_aranges
                0x00001280       0x30 CMakeFiles/target.elf.dir/mcu/Core/Src/tim.c.obj
 .debug_aranges
                0x000012b0      0x108 CMakeFiles/target.elf.dir/mcu/Drivers/STM32G4xx_HAL_Driver/Src/stm32g4xx_hal_adc.c.obj
 .debug_aranges
                0x000013b8       0xf0 CMakeFiles/target.elf.dir/mcu/Drivers/STM32G4xx_HAL_Driver/Src/stm32g4xx_hal_adc_ex.c.obj
 .debug_aranges
                0x000014a8       0x20 CMakeFiles/target.elf.dir/mcu/Core/Src/dma.c.obj
 .debug_aranges
                0x000014c8       0x28 CMakeFiles/target.elf.dir/mcu/startup_stm32g431xx.s.obj
 .debug_aranges
                0x000014f0       0x60 D:/G4CODE/2023_D/mcu/Drivers/CMSIS/DSP/Lib/libarm_cortexM4lf_math.a(arm_rfft_fast_init_f32.o)
 .debug_aranges
                0x00001550       0x30 D:/G4CODE/2023_D/mcu/Drivers/CMSIS/DSP/Lib/libarm_cortexM4lf_math.a(arm_rfft_fast_f32.o)
 .debug_aranges
                0x00001580       0x30 D:/G4CODE/2023_D/mcu/Drivers/CMSIS/DSP/Lib/libarm_cortexM4lf_math.a(arm_cfft_f32.o)
 .debug_aranges
                0x000015b0       0x28 D:/G4CODE/2023_D/mcu/Drivers/CMSIS/DSP/Lib/libarm_cortexM4lf_math.a(arm_bitreversal2.o)
 .debug_aranges
                0x000015d8       0x20 D:/G4CODE/2023_D/mcu/Drivers/CMSIS/DSP/Lib/libarm_cortexM4lf_math.a(arm_cmplx_mag_f32.o)
 .debug_aranges
                0x000015f8       0x18 D:/G4CODE/2023_D/mcu/Drivers/CMSIS/DSP/Lib/libarm_cortexM4lf_math.a(arm_common_tables.o)
 .debug_aranges
                0x00001610       0x20 D:/G4CODE/2023_D/mcu/Drivers/CMSIS/DSP/Lib/libarm_cortexM4lf_math.a(arm_cfft_radix8_f32.o)

.debug_rnglists
                0x00000000     0x23a7
 .debug_rnglists
                0x00000000       0x29 CMakeFiles/target.elf.dir/app/Src/FFT.c.obj
 .debug_rnglists
                0x00000029       0x20 CMakeFiles/target.elf.dir/mcu/Core/Src/main.c.obj
 .debug_rnglists
                0x00000049       0x2c CMakeFiles/target.elf.dir/mcu/Core/Src/gpio.c.obj
 .debug_rnglists
                0x00000075       0x5b CMakeFiles/target.elf.dir/mcu/Core/Src/stm32g4xx_it.c.obj
 .debug_rnglists
                0x000000d0       0x1f CMakeFiles/target.elf.dir/mcu/Core/Src/stm32g4xx_hal_msp.c.obj
 .debug_rnglists
                0x000000ef       0xf1 CMakeFiles/target.elf.dir/mcu/Drivers/STM32G4xx_HAL_Driver/Src/stm32g4xx_hal.c.obj
 .debug_rnglists
                0x000001e0       0xab CMakeFiles/target.elf.dir/mcu/Drivers/STM32G4xx_HAL_Driver/Src/stm32g4xx_hal_rcc.c.obj
 .debug_rnglists
                0x0000028b       0xbf CMakeFiles/target.elf.dir/mcu/Drivers/STM32G4xx_HAL_Driver/Src/stm32g4xx_hal_rcc_ex.c.obj
 .debug_rnglists
                0x0000034a       0x3f CMakeFiles/target.elf.dir/mcu/Drivers/STM32G4xx_HAL_Driver/Src/stm32g4xx_hal_gpio.c.obj
 .debug_rnglists
                0x00000389       0xb0 CMakeFiles/target.elf.dir/mcu/Drivers/STM32G4xx_HAL_Driver/Src/stm32g4xx_hal_dma.c.obj
 .debug_rnglists
                0x00000439       0xf0 CMakeFiles/target.elf.dir/mcu/Drivers/STM32G4xx_HAL_Driver/Src/stm32g4xx_hal_pwr_ex.c.obj
 .debug_rnglists
                0x00000529       0xee CMakeFiles/target.elf.dir/mcu/Drivers/STM32G4xx_HAL_Driver/Src/stm32g4xx_hal_cortex.c.obj
 .debug_rnglists
                0x00000617      0x4a4 CMakeFiles/target.elf.dir/mcu/Drivers/STM32G4xx_HAL_Driver/Src/stm32g4xx_hal_tim.c.obj
 .debug_rnglists
                0x00000abb      0x22c CMakeFiles/target.elf.dir/mcu/Drivers/STM32G4xx_HAL_Driver/Src/stm32g4xx_hal_tim_ex.c.obj
 .debug_rnglists
                0x00000ce7       0x1a CMakeFiles/target.elf.dir/mcu/Core/Src/system_stm32g4xx.c.obj
 .debug_rnglists
                0x00000d01       0x32 CMakeFiles/target.elf.dir/mcu/Core/Src/i2c.c.obj
 .debug_rnglists
                0x00000d33       0x58 CMakeFiles/target.elf.dir/mcu/Core/Src/usart.c.obj
 .debug_rnglists
                0x00000d8b      0x6c0 CMakeFiles/target.elf.dir/mcu/Drivers/STM32G4xx_HAL_Driver/Src/stm32g4xx_hal_i2c.c.obj
 .debug_rnglists
                0x0000144b       0x4f CMakeFiles/target.elf.dir/mcu/Drivers/STM32G4xx_HAL_Driver/Src/stm32g4xx_hal_i2c_ex.c.obj
 .debug_rnglists
                0x0000149a      0x4eb CMakeFiles/target.elf.dir/mcu/Drivers/STM32G4xx_HAL_Driver/Src/stm32g4xx_hal_uart.c.obj
 .debug_rnglists
                0x00001985       0x94 CMakeFiles/target.elf.dir/mcu/Drivers/STM32G4xx_HAL_Driver/Src/stm32g4xx_hal_uart_ex.c.obj
 .debug_rnglists
                0x00001a19       0x3c CMakeFiles/target.elf.dir/mcu/Core/Src/adc.c.obj
 .debug_rnglists
                0x00001a55       0x34 CMakeFiles/target.elf.dir/mcu/Core/Src/tim.c.obj
 .debug_rnglists
                0x00001a89      0x4de CMakeFiles/target.elf.dir/mcu/Drivers/STM32G4xx_HAL_Driver/Src/stm32g4xx_hal_adc.c.obj
 .debug_rnglists
                0x00001f67      0x3f6 CMakeFiles/target.elf.dir/mcu/Drivers/STM32G4xx_HAL_Driver/Src/stm32g4xx_hal_adc_ex.c.obj
 .debug_rnglists
                0x0000235d       0x31 CMakeFiles/target.elf.dir/mcu/Core/Src/dma.c.obj
 .debug_rnglists
                0x0000238e       0x19 CMakeFiles/target.elf.dir/mcu/startup_stm32g431xx.s.obj

.debug_line     0x00000000    0x22d67
 .debug_line    0x00000000      0x5f6 CMakeFiles/target.elf.dir/app/Src/FFT.c.obj
 .debug_line    0x000005f6      0x489 CMakeFiles/target.elf.dir/mcu/Core/Src/main.c.obj
 .debug_line    0x00000a7f      0x1c3 CMakeFiles/target.elf.dir/mcu/Core/Src/gpio.c.obj
 .debug_line    0x00000c42      0x30b CMakeFiles/target.elf.dir/mcu/Core/Src/stm32g4xx_it.c.obj
 .debug_line    0x00000f4d      0x1a6 CMakeFiles/target.elf.dir/mcu/Core/Src/stm32g4xx_hal_msp.c.obj
 .debug_line    0x000010f3      0x740 CMakeFiles/target.elf.dir/mcu/Drivers/STM32G4xx_HAL_Driver/Src/stm32g4xx_hal.c.obj
 .debug_line    0x00001833      0xf67 CMakeFiles/target.elf.dir/mcu/Drivers/STM32G4xx_HAL_Driver/Src/stm32g4xx_hal_rcc.c.obj
 .debug_line    0x0000279a      0xf0a CMakeFiles/target.elf.dir/mcu/Drivers/STM32G4xx_HAL_Driver/Src/stm32g4xx_hal_rcc_ex.c.obj
 .debug_line    0x000036a4      0x6f8 CMakeFiles/target.elf.dir/mcu/Drivers/STM32G4xx_HAL_Driver/Src/stm32g4xx_hal_gpio.c.obj
 .debug_line    0x00003d9c      0xda0 CMakeFiles/target.elf.dir/mcu/Drivers/STM32G4xx_HAL_Driver/Src/stm32g4xx_hal_dma.c.obj
 .debug_line    0x00004b3c      0x979 CMakeFiles/target.elf.dir/mcu/Drivers/STM32G4xx_HAL_Driver/Src/stm32g4xx_hal_pwr_ex.c.obj
 .debug_line    0x000054b5      0x814 CMakeFiles/target.elf.dir/mcu/Drivers/STM32G4xx_HAL_Driver/Src/stm32g4xx_hal_cortex.c.obj
 .debug_line    0x00005cc9     0x52b2 CMakeFiles/target.elf.dir/mcu/Drivers/STM32G4xx_HAL_Driver/Src/stm32g4xx_hal_tim.c.obj
 .debug_line    0x0000af7b     0x2040 CMakeFiles/target.elf.dir/mcu/Drivers/STM32G4xx_HAL_Driver/Src/stm32g4xx_hal_tim_ex.c.obj
 .debug_line    0x0000cfbb      0x23d CMakeFiles/target.elf.dir/mcu/Core/Src/system_stm32g4xx.c.obj
 .debug_line    0x0000d1f8      0x38f CMakeFiles/target.elf.dir/mcu/Core/Src/i2c.c.obj
 .debug_line    0x0000d587      0x555 CMakeFiles/target.elf.dir/mcu/Core/Src/usart.c.obj
 .debug_line    0x0000dadc     0x64a2 CMakeFiles/target.elf.dir/mcu/Drivers/STM32G4xx_HAL_Driver/Src/stm32g4xx_hal_i2c.c.obj
 .debug_line    0x00013f7e      0x411 CMakeFiles/target.elf.dir/mcu/Drivers/STM32G4xx_HAL_Driver/Src/stm32g4xx_hal_i2c_ex.c.obj
 .debug_line    0x0001438f     0x5859 CMakeFiles/target.elf.dir/mcu/Drivers/STM32G4xx_HAL_Driver/Src/stm32g4xx_hal_uart.c.obj
 .debug_line    0x00019be8      0xb6a CMakeFiles/target.elf.dir/mcu/Drivers/STM32G4xx_HAL_Driver/Src/stm32g4xx_hal_uart_ex.c.obj
 .debug_line    0x0001a752      0x474 CMakeFiles/target.elf.dir/mcu/Core/Src/adc.c.obj
 .debug_line    0x0001abc6      0x32e CMakeFiles/target.elf.dir/mcu/Core/Src/tim.c.obj
 .debug_line    0x0001aef4     0x286d CMakeFiles/target.elf.dir/mcu/Drivers/STM32G4xx_HAL_Driver/Src/stm32g4xx_hal_adc.c.obj
 .debug_line    0x0001d761     0x222c CMakeFiles/target.elf.dir/mcu/Drivers/STM32G4xx_HAL_Driver/Src/stm32g4xx_hal_adc_ex.c.obj
 .debug_line    0x0001f98d      0x1a5 CMakeFiles/target.elf.dir/mcu/Core/Src/dma.c.obj
 .debug_line    0x0001fb32       0x7b CMakeFiles/target.elf.dir/mcu/startup_stm32g431xx.s.obj
 .debug_line    0x0001fbad      0x610 D:/G4CODE/2023_D/mcu/Drivers/CMSIS/DSP/Lib/libarm_cortexM4lf_math.a(arm_rfft_fast_init_f32.o)
 .debug_line    0x000201bd      0x4f8 D:/G4CODE/2023_D/mcu/Drivers/CMSIS/DSP/Lib/libarm_cortexM4lf_math.a(arm_rfft_fast_f32.o)
 .debug_line    0x000206b5      0xf14 D:/G4CODE/2023_D/mcu/Drivers/CMSIS/DSP/Lib/libarm_cortexM4lf_math.a(arm_cfft_f32.o)
 .debug_line    0x000215c9      0x353 D:/G4CODE/2023_D/mcu/Drivers/CMSIS/DSP/Lib/libarm_cortexM4lf_math.a(arm_bitreversal2.o)
 .debug_line    0x0002191c      0x531 D:/G4CODE/2023_D/mcu/Drivers/CMSIS/DSP/Lib/libarm_cortexM4lf_math.a(arm_cmplx_mag_f32.o)
 .debug_line    0x00021e4d      0x243 D:/G4CODE/2023_D/mcu/Drivers/CMSIS/DSP/Lib/libarm_cortexM4lf_math.a(arm_common_tables.o)
 .debug_line    0x00022090      0xcd7 D:/G4CODE/2023_D/mcu/Drivers/CMSIS/DSP/Lib/libarm_cortexM4lf_math.a(arm_cfft_radix8_f32.o)

.debug_str      0x00000000     0x858a
 .debug_str     0x00000000     0x858a CMakeFiles/target.elf.dir/app/Src/FFT.c.obj
                                0x45b (size before relaxing)
 .debug_str     0x0000858a      0xfff CMakeFiles/target.elf.dir/mcu/Core/Src/main.c.obj
 .debug_str     0x0000858a      0x3ab CMakeFiles/target.elf.dir/mcu/Core/Src/gpio.c.obj
 .debug_str     0x0000858a      0xe4e CMakeFiles/target.elf.dir/mcu/Core/Src/stm32g4xx_it.c.obj
 .debug_str     0x0000858a      0x30d CMakeFiles/target.elf.dir/mcu/Core/Src/stm32g4xx_hal_msp.c.obj
 .debug_str     0x0000858a      0xc4b CMakeFiles/target.elf.dir/mcu/Drivers/STM32G4xx_HAL_Driver/Src/stm32g4xx_hal.c.obj
 .debug_str     0x0000858a      0x80e CMakeFiles/target.elf.dir/mcu/Drivers/STM32G4xx_HAL_Driver/Src/stm32g4xx_hal_rcc.c.obj
 .debug_str     0x0000858a      0x9f5 CMakeFiles/target.elf.dir/mcu/Drivers/STM32G4xx_HAL_Driver/Src/stm32g4xx_hal_rcc_ex.c.obj
 .debug_str     0x0000858a      0x51f CMakeFiles/target.elf.dir/mcu/Drivers/STM32G4xx_HAL_Driver/Src/stm32g4xx_hal_gpio.c.obj
 .debug_str     0x0000858a      0x780 CMakeFiles/target.elf.dir/mcu/Drivers/STM32G4xx_HAL_Driver/Src/stm32g4xx_hal_dma.c.obj
 .debug_str     0x0000858a      0x7c1 CMakeFiles/target.elf.dir/mcu/Drivers/STM32G4xx_HAL_Driver/Src/stm32g4xx_hal_pwr_ex.c.obj
 .debug_str     0x0000858a      0xb69 CMakeFiles/target.elf.dir/mcu/Drivers/STM32G4xx_HAL_Driver/Src/stm32g4xx_hal_cortex.c.obj
 .debug_str     0x0000858a     0x1884 CMakeFiles/target.elf.dir/mcu/Drivers/STM32G4xx_HAL_Driver/Src/stm32g4xx_hal_tim.c.obj
 .debug_str     0x0000858a     0x14f7 CMakeFiles/target.elf.dir/mcu/Drivers/STM32G4xx_HAL_Driver/Src/stm32g4xx_hal_tim_ex.c.obj
 .debug_str     0x0000858a      0x3a6 CMakeFiles/target.elf.dir/mcu/Core/Src/system_stm32g4xx.c.obj
 .debug_str     0x0000858a      0xb54 CMakeFiles/target.elf.dir/mcu/Core/Src/i2c.c.obj
 .debug_str     0x0000858a     0x1018 CMakeFiles/target.elf.dir/mcu/Core/Src/usart.c.obj
 .debug_str     0x0000858a     0x10a6 CMakeFiles/target.elf.dir/mcu/Drivers/STM32G4xx_HAL_Driver/Src/stm32g4xx_hal_i2c.c.obj
 .debug_str     0x0000858a      0x9c5 CMakeFiles/target.elf.dir/mcu/Drivers/STM32G4xx_HAL_Driver/Src/stm32g4xx_hal_i2c_ex.c.obj
 .debug_str     0x0000858a     0x1209 CMakeFiles/target.elf.dir/mcu/Drivers/STM32G4xx_HAL_Driver/Src/stm32g4xx_hal_uart.c.obj
 .debug_str     0x0000858a      0xb3d CMakeFiles/target.elf.dir/mcu/Drivers/STM32G4xx_HAL_Driver/Src/stm32g4xx_hal_uart_ex.c.obj
 .debug_str     0x0000858a     0x10b4 CMakeFiles/target.elf.dir/mcu/Core/Src/adc.c.obj
 .debug_str     0x0000858a      0xf15 CMakeFiles/target.elf.dir/mcu/Core/Src/tim.c.obj
 .debug_str     0x0000858a     0x12c8 CMakeFiles/target.elf.dir/mcu/Drivers/STM32G4xx_HAL_Driver/Src/stm32g4xx_hal_adc.c.obj
 .debug_str     0x0000858a     0x12d0 CMakeFiles/target.elf.dir/mcu/Drivers/STM32G4xx_HAL_Driver/Src/stm32g4xx_hal_adc_ex.c.obj
 .debug_str     0x0000858a      0x765 CMakeFiles/target.elf.dir/mcu/Core/Src/dma.c.obj
 .debug_str     0x0000858a       0x5e CMakeFiles/target.elf.dir/mcu/startup_stm32g431xx.s.obj
 .debug_str     0x0000858a      0xf3b D:/G4CODE/2023_D/mcu/Drivers/CMSIS/DSP/Lib/libarm_cortexM4lf_math.a(arm_rfft_fast_init_f32.o)
 .debug_str     0x0000858a      0x739 D:/G4CODE/2023_D/mcu/Drivers/CMSIS/DSP/Lib/libarm_cortexM4lf_math.a(arm_rfft_fast_f32.o)
 .debug_str     0x0000858a      0xe7e D:/G4CODE/2023_D/mcu/Drivers/CMSIS/DSP/Lib/libarm_cortexM4lf_math.a(arm_cfft_f32.o)
 .debug_str     0x0000858a      0xd76 D:/G4CODE/2023_D/mcu/Drivers/CMSIS/DSP/Lib/libarm_cortexM4lf_math.a(arm_bitreversal2.o)
 .debug_str     0x0000858a      0x734 D:/G4CODE/2023_D/mcu/Drivers/CMSIS/DSP/Lib/libarm_cortexM4lf_math.a(arm_cmplx_mag_f32.o)
 .debug_str     0x0000858a      0xd1d D:/G4CODE/2023_D/mcu/Drivers/CMSIS/DSP/Lib/libarm_cortexM4lf_math.a(arm_common_tables.o)
 .debug_str     0x0000858a      0x69b D:/G4CODE/2023_D/mcu/Drivers/CMSIS/DSP/Lib/libarm_cortexM4lf_math.a(arm_cfft_radix8_f32.o)

.comment        0x00000000       0xba
 .comment       0x00000000       0xba CMakeFiles/target.elf.dir/app/Src/FFT.c.obj
                                 0x46 (size before relaxing)
 .comment       0x000000ba       0x46 CMakeFiles/target.elf.dir/mcu/Core/Src/main.c.obj
 .comment       0x000000ba       0x46 CMakeFiles/target.elf.dir/mcu/Core/Src/gpio.c.obj
 .comment       0x000000ba       0x46 CMakeFiles/target.elf.dir/mcu/Core/Src/stm32g4xx_it.c.obj
 .comment       0x000000ba       0x46 CMakeFiles/target.elf.dir/mcu/Core/Src/stm32g4xx_hal_msp.c.obj
 .comment       0x000000ba       0x46 CMakeFiles/target.elf.dir/mcu/Drivers/STM32G4xx_HAL_Driver/Src/stm32g4xx_hal.c.obj
 .comment       0x000000ba       0x46 CMakeFiles/target.elf.dir/mcu/Drivers/STM32G4xx_HAL_Driver/Src/stm32g4xx_hal_rcc.c.obj
 .comment       0x000000ba       0x46 CMakeFiles/target.elf.dir/mcu/Drivers/STM32G4xx_HAL_Driver/Src/stm32g4xx_hal_rcc_ex.c.obj